#
# A fatal error has been detected by the Java Runtime Environment:
#
#  EXCEPTION_ACCESS_VIOLATION (0xc0000005) at pc=0x000002d7d7c3ae39, pid=61992, tid=55556
#
# JRE version: Java(TM) SE Runtime Environment (21.0.7+8) (build 21.0.7+8-LTS-245)
# Java VM: Java HotSpot(TM) 64-Bit Server VM (21.0.7+8-LTS-245, mixed mode, emulated-client, sharing, tiered, compressed oops, compressed class ptrs, g1 gc, windows-amd64)
# Problematic frame:
# v  ~BufferBlob::MethodHandles adapters 0x000002d7d7c3ae39
#
# No core dump will be written. Minidumps are not enabled by default on client versions of Windows
#
# If you would like to submit a bug report, please visit:
#   https://bugreport.java.com/bugreport/crash.jsp
#

---------------  S U M M A R Y ------------

Command Line: -XX:+ShowCodeDetailsInExceptionMessages -agentlib:jdwp=transport=dt_socket,suspend=y,address=localhost:51916 -Dcom.sun.management.jmxremote -Dcom.sun.management.jmxremote.port=51912 -Dcom.sun.management.jmxremote.authenticate=false -Dcom.sun.management.jmxremote.ssl=false -Djava.rmi.server.hostname=localhost -Dspring.jmx.enabled=true -Dmanagement.endpoints.jmx.exposure.include=* -Dspring.application.admin.enabled=true -XX:TieredStopAtLevel=1 -Dspring.boot.project.name=clearBalance -javaagent:C:\Users\pablo\Desktop\sts-4.20.0\configuration\org.eclipse.osgi\262\0\.cp\lib\javaagent-shaded.jar -Dfile.encoding=UTF-8 -Dstdout.encoding=UTF-8 -Dstderr.encoding=UTF-8 com.clear.balance.clearBalance.ClearBalanceApplication --spring.output.ansi.enabled=always

Host: 11th Gen Intel(R) Core(TM) i7-11370H @ 3.30GHz, 8 cores, 31G,  Windows 11 , 64 bit Build 26100 (10.0.26100.7019)
Time: Fri Nov 28 15:40:49 2025 Hora estándar romance elapsed time: 73720.933966 seconds (0d 20h 28m 40s)

---------------  T H R E A D  ---------------

Current thread (0x000002d7f04570c0):  JavaThread "restartedMain"        [_thread_in_Java, id=55556, stack(0x000000ee61900000,0x000000ee61a00000) (1024K)]

Stack: [0x000000ee61900000,0x000000ee61a00000],  sp=0x000000ee619fd858,  free space=1014k
Native frames: (J=compiled Java code, j=interpreted, Vv=VM code, C=native code)
C  0x000002d7d7c3ae39

The last pc belongs to _linkToSpecial (printed below).

siginfo: EXCEPTION_ACCESS_VIOLATION (0xc0000005), reading address 0x00000003119311b0


Registers:
RAX=0x000002d7d7c09086, RBX=0x00000003119311a0, RCX=0x000000ee619fd890, RDX=0x0000000000000008
RSP=0x000000ee619fd858, RBP=0x000000ee619fd8d8, RSI=0x000002d7eea464e8, RDI=0x000002d7f0bf2720
R8 =0x0000000000000004, R9 =0x0000000000000004, R10=0x00007ffe39c8dae0, R11=0x000002d7e9a982b0
R12=0x0000000000000000, R13=0x000000ee619fd858, R14=0x000000ee619fd928, R15=0x000002d7f04570c0
RIP=0x000002d7d7c3ae39, EFLAGS=0x0000000000010206


Register to memory mapping:

RAX=0x000002d7d7c09086 is at code_begin+3078 in an Interpreter codelet
return entry points  [0x000002d7d7c08480, 0x000002d7d7c0a298]  7704 bytes
RBX=0x00000003119311a0 is an unknown value
RCX=0x000000ee619fd890 is pointing into the stack for thread: 0x000002d7f04570c0
RDX=0x0000000000000008 is an unknown value
RSP=0x000000ee619fd858 is pointing into the stack for thread: 0x000002d7f04570c0
RBP=0x000000ee619fd8d8 is pointing into the stack for thread: 0x000002d7f04570c0
RSI=0x000002d7eea464e8 points into unknown readable memory: 0x880021234604392c | 2c 39 04 46 23 21 00 88
RDI=0x000002d7f0bf2720 points into unknown readable memory: 0x00000048000000c0 | c0 00 00 00 48 00 00 00
R8 =0x0000000000000004 is an unknown value
R9 =0x0000000000000004 is an unknown value
R10=0x00007ffe39c8dae0 jvm.dll
R11={method} {0x000002d7e9a982b8} 'newInvokeSpecial' '(Ljava/lang/Object;Ljava/lang/Object;Ljava/lang/Object;Ljava/lang/Object;Ljava/lang/Object;Ljava/lang/Object;Ljava/lang/Object;)Ljava/lang/Object;' in 'java/lang/invoke/LambdaForm$DMH+0x000002d781194000'
R12=0x0 is null
R13=0x000000ee619fd858 is pointing into the stack for thread: 0x000002d7f04570c0
R14=0x000000ee619fd928 is pointing into the stack for thread: 0x000002d7f04570c0
R15=0x000002d7f04570c0 is a thread

Top of Stack: (sp=0x000000ee619fd858)
0x000000ee619fd858:   000002d7d7c09086 000000060aa55318
0x000000ee619fd868:   000000060c555f30 000000060af16b10
0x000000ee619fd878:   000000060aa37868 000000060af14e68
0x000000ee619fd888:   000000060aa710c0 000000ee619fd890
0x000000ee619fd898:   000002d7e9a9829c 000000000000000a
0x000000ee619fd8a8:   000002d7e9a983f0 000000ee619fd938
0x000000ee619fd8b8:   0000000603ceaa90 000002d7e9a982b0
0x000000ee619fd8c8:   000000ee619fd858 000000ee619fd930
0x000000ee619fd8d8:   000000ee619fd9b8 000002d7d7c0958b
0x000000ee619fd8e8:   000000060aa5a0a8 000000060aa710c0
0x000000ee619fd8f8:   000000060aa59758 000000060aa55318
0x000000ee619fd908:   000000060c555f30 000000060af16b10
0x000000ee619fd918:   000000060aa37868 000000060af14e68
0x000000ee619fd928:   000000060aa5a0d8 000000060aa59758
0x000000ee619fd938:   000000060aa59758 000000060aa55318
0x000000ee619fd948:   000000060c555f30 000000060af16b10
0x000000ee619fd958:   000000060aa37868 000000060af14e68
0x000000ee619fd968:   000000060aa5a0d8 000000ee619fd970
0x000000ee619fd978:   000002d7f39380e5 0000000000000016
0x000000ee619fd988:   000002d7f3938170 0000000000000000
0x000000ee619fd998:   000000060aa70f50 000002d7f3937f28
0x000000ee619fd9a8:   000000ee619fd938 000000ee619fda70
0x000000ee619fd9b8:   000000ee619fecc8 000002d7d8829846
0x000000ee619fd9c8:   000000060aa5a0d8 000000060aa55318
0x000000ee619fd9d8:   000000060aa5a410 000000060aa37868
0x000000ee619fd9e8:   000000060aa5a518 000000060c555f30
0x000000ee619fd9f8:   000000060aa5a628 000000060aa59758
0x000000ee619fda08:   000000060aa5e4f0 000000060af14e68
0x000000ee619fda18:   000000060aa626a8 000000060af16b10
0x000000ee619fda28:   000000060aa66b88 000000060aa59758
0x000000ee619fda38:   000000060aa55318 000000060c555f30
0x000000ee619fda48:   000000060af16b10 000000060aa37868 

Instructions: (pc=0x000002d7d7c3ae39)
0x000002d7d7c3ad39:   03 8b 5b 24 48 c1 e3 03 48 8b 5b 10 48 85 db 0f
0x000002d7d7c3ad49:   84 10 00 00 00 41 80 bf d8 05 00 00 00 74 03 ff
0x000002d7d7c3ad59:   63 38 ff 63 50 e9 9d 16 00 00 66 66 66 0f 1f 84
0x000002d7d7c3ad69:   00 00 00 00 00 66 66 66 90 66 66 0f 1f 84 00 00
0x000002d7d7c3ad79:   00 00 00 66 66 66 90 48 8b 53 08 0f b7 52 2e 48
0x000002d7d7c3ad89:   8b 0c d4 58 5b 50 44 8b 51 08 49 bb 00 00 00 80
0x000002d7d7c3ad99:   d7 02 00 00 4d 03 d3 4c 8b 5b 10 4b 8b 9c da c0
0x000002d7d7c3ada9:   01 00 00 48 85 db 0f 84 10 00 00 00 41 80 bf d8
0x000002d7d7c3adb9:   05 00 00 00 74 03 ff 63 38 ff 63 50 e9 36 16 00
0x000002d7d7c3adc9:   00 66 66 66 0f 1f 84 00 00 00 00 00 66 66 66 90
0x000002d7d7c3add9:   0f 1f 80 00 00 00 00 58 5b 50 8b 5b 24 48 c1 e3
0x000002d7d7c3ade9:   03 48 8b 5b 10 48 85 db 0f 84 10 00 00 00 41 80
0x000002d7d7c3adf9:   bf d8 05 00 00 00 74 03 ff 63 38 ff 63 50 e9 f4
0x000002d7d7c3ae09:   15 00 00 66 66 66 0f 1f 84 00 00 00 00 00 66 66
0x000002d7d7c3ae19:   66 90 0f 1f 44 00 00 48 8b 53 08 0f b7 52 2e 48
0x000002d7d7c3ae29:   8b 0c d4 58 5b 50 48 3b 01 8b 5b 24 48 c1 e3 03
0x000002d7d7c3ae39:   48 8b 5b 10 48 85 db 0f 84 10 00 00 00 41 80 bf
0x000002d7d7c3ae49:   d8 05 00 00 00 74 03 ff 63 38 ff 63 50 e9 a5 15
0x000002d7d7c3ae59:   00 00 0f 1f 44 00 00 48 8b 53 08 0f b7 52 2e 48
0x000002d7d7c3ae69:   8b 0c d4 58 5b 50 44 8b 51 08 49 bb 00 00 00 80
0x000002d7d7c3ae79:   d7 02 00 00 4d 03 d3 8b 43 18 48 c1 e0 03 48 8b
0x000002d7d7c3ae89:   40 10 48 8b 5b 10 45 8b 9a a0 00 00 00 4f 8d 9c
0x000002d7d7c3ae99:   da c0 01 00 00 4d 8d 14 da 49 8b 1b 48 3b c3 74
0x000002d7d7c3aea9:   15 48 85 db 0f 84 32 00 00 00 49 83 c3 10 49 8b
0x000002d7d7c3aeb9:   1b 48 3b c3 75 eb 45 8b 5b 08 4b 8b 1c 1a 48 85
0x000002d7d7c3aec9:   db 0f 84 10 00 00 00 41 80 bf d8 05 00 00 00 74
0x000002d7d7c3aed9:   03 ff 63 38 ff 63 50 e9 1b 15 00 00 e9 16 12 00
0x000002d7d7c3aee9:   00 f4 00 00 00 00 00 00 00 00 00 00 00 00 00 00
0x000002d7d7c3aef9:   00 00 00 00 00 00 00 00 00 00 00 00 00 00 00 00
0x000002d7d7c3af09:   00 00 00 00 00 00 00 00 00 00 00 00 00 00 00 00
0x000002d7d7c3af19:   00 00 00 00 00 00 00 00 00 00 00 00 00 00 00 00
0x000002d7d7c3af29:   00 00 00 00 00 00 00 00 00 00 00 00 00 00 00 00 


Stack slot to memory mapping:

stack at sp + 0 slots: 0x000002d7d7c09086 is at code_begin+3078 in an Interpreter codelet
return entry points  [0x000002d7d7c08480, 0x000002d7d7c0a298]  7704 bytes
stack at sp + 1 slots: 0x000000060aa55318 is an oop: jdk.proxy2.$Proxy147 
{0x000000060aa55318} - klass: 'jdk/proxy2/$Proxy147'
 - ---- fields (total size 2 words):
 - protected 'h' 'Ljava/lang/reflect/InvocationHandler;' @12  a 'org/springframework/beans/factory/support/AutowireUtils$ObjectFactoryDelegatingInvocationHandler'{0x000000060aa552d8} (0xc154aa5b)
stack at sp + 2 slots: 0x000000060c555f30 is an oop: com.clear.balance.clearBalance.service.impl.RoleServiceImpl 
{0x000000060c555f30} - klass: 'com/clear/balance/clearBalance/service/impl/RoleServiceImpl'
 - ---- fields (total size 2 words):
 - private final 'userRoleRepository' 'Lcom/clear/balance/clearBalance/repository/UserRoleRepository;' @12  a 'jdk/proxy56/$Proxy681'{0x000000060c486810} (0xc1890d02)
stack at sp + 3 slots: 0x000000060af16b10 is an oop: com.clear.balance.clearBalance.provider.TokenProvider 
{0x000000060af16b10} - klass: 'com/clear/balance/clearBalance/provider/TokenProvider'
 - ---- fields (total size 3 words):
 - private final 'userService' 'Lcom/clear/balance/clearBalance/service/UserService;' @12  a 'com/clear/balance/clearBalance/service/impl/UserServiceImpl$$SpringCGLIB$$0'{0x000000060af14e68} (0xc15e29cd)
 - private 'secret' 'Ljava/lang/String;' @16  "vN7$9qLp#8tK!mX4dR2z@B6sF^wJ1yQeU0hC&kZ5pG*oH3aV"{0x000000060af197a8} (0xc15e32f5)
stack at sp + 4 slots: 0x000000060aa37868 is an oop: org.springframework.security.authentication.ProviderManager 
{0x000000060aa37868} - klass: 'org/springframework/security/authentication/ProviderManager'
 - ---- fields (total size 4 words):
 - private 'eraseCredentialsAfterAuthentication' 'Z' @12  true (0x01)
 - private 'eventPublisher' 'Lorg/springframework/security/authentication/AuthenticationEventPublisher;' @16  a 'org/springframework/security/authentication/ProviderManager$NullEventPublisher'{0x000000060aa378b8} (0xc1546f17)
 - private 'providers' 'Ljava/util/List;' @20  a 'java/util/Arrays$ArrayList'{0x000000060aa378a0} (0xc1546f14)
 - protected 'messages' 'Lorg/springframework/context/support/MessageSourceAccessor;' @24  a 'org/springframework/context/support/MessageSourceAccessor'{0x000000060aa38c10} (0xc1547182)
 - private 'parent' 'Lorg/springframework/security/authentication/AuthenticationManager;' @28  null (0x00000000)
stack at sp + 5 slots: 0x000000060af14e68 is an oop: com.clear.balance.clearBalance.service.impl.UserServiceImpl$$SpringCGLIB$$0 
{0x000000060af14e68} - klass: 'com/clear/balance/clearBalance/service/impl/UserServiceImpl$$SpringCGLIB$$0'
 - ---- fields (total size 10 words):
 - private final 'userRepository' 'Lcom/clear/balance/clearBalance/repository/UserRepository;' @12  null (0x00000000)
 - private final 'roleRepository' 'Lcom/clear/balance/clearBalance/repository/RoleRepository;' @16  null (0x00000000)
 - private final 'roleServiceImpl' 'Lcom/clear/balance/clearBalance/service/impl/RoleServiceImpl;' @20  null (0x00000000)
 - private final 'encoder' 'Lorg/springframework/security/crypto/password/PasswordEncoder;' @24  null (0x00000000)
 - private final 'emailService' 'Lcom/clear/balance/clearBalance/service/EmailService;' @28  null (0x00000000)
 - private final 'accountVerificationRepository' 'Lcom/clear/balance/clearBalance/repository/AccountVerificationRepository;' @32  null (0x00000000)
 - private final 'twoFactorVerificationRepository' 'Lcom/clear/balance/clearBalance/repository/TwoFactorVerificationRepository;' @36  null (0x00000000)
 - private final 'resetPasswordVerificationRepository' 'Lcom/clear/balance/clearBalance/repository/ResetPasswordVerificationRepository;' @40  null (0x00000000)
 - private final 'smsUtils' 'Lcom/clear/balance/clearBalance/Utils/SmsUtils;' @44  null (0x00000000)
 - private 'CGLIB$BOUND' 'Z' @48  false (0x00)
 - private 'CGLIB$CALLBACK_0' 'Lorg/springframework/cglib/proxy/MethodInterceptor;' @52  a 'org/springframework/aop/framework/CglibAopProxy$DynamicAdvisedInterceptor'{0x000000060ae51ce8} (0xc15ca39d)
 - private 'CGLIB$CALLBACK_1' 'Lorg/springframework/cglib/proxy/MethodInterceptor;' @56  a 'org/springframework/aop/framework/CglibAopProxy$StaticUnadvisedInterceptor'{0x000000060ae51cf8} (0xc15ca39f)
 - private 'CGLIB$CALLBACK_2' 'Lorg/springframework/cglib/proxy/NoOp;' @60  a 'org/springframework/aop/framework/CglibAopProxy$SerializableNoOp'{0x000000060ae51d48} (0xc15ca3a9)
 - private 'CGLIB$CALLBACK_3' 'Lorg/springframework/cglib/proxy/Dispatcher;' @64  a 'org/springframework/aop/framework/CglibAopProxy$StaticDispatcher'{0x000000060ae51d08} (0xc15ca3a1)
 - private 'CGLIB$CALLBACK_4' 'Lorg/springframework/cglib/proxy/Dispatcher;' @68  a 'org/springframework/aop/framework/CglibAopProxy$AdvisedDispatcher'{0x000000060ae510e0} (0xc15ca21c)
 - private 'CGLIB$CALLBACK_5' 'Lorg/springframework/cglib/proxy/MethodInterceptor;' @72  a 'org/springframework/aop/framework/CglibAopProxy$EqualsInterceptor'{0x000000060ae51d58} (0xc15ca3ab)
 - private 'CGLIB$CALLBACK_6' 'Lorg/springframework/cglib/proxy/MethodInterceptor;' @76  a 'org/springframework/aop/framework/CglibAopProxy$HashCodeInterceptor'{0x000000060ae51d68} (0xc15ca3ad)
stack at sp + 6 slots: 0x000000060aa710c0 is an oop: com.clear.balance.clearBalance.controller.UserController 
{0x000000060aa710c0} - klass: 'com/clear/balance/clearBalance/controller/UserController'
 - ---- fields (total size 5 words):
 - private final 'userService' 'Lcom/clear/balance/clearBalance/service/UserService;' @12  null (0x00000000)
 - private final 'authenticationManager' 'Lorg/springframework/security/authentication/AuthenticationManager;' @16  null (0x00000000)
 - private final 'tokenProvider' 'Lcom/clear/balance/clearBalance/provider/TokenProvider;' @20  null (0x00000000)
 - private final 'roleService' 'Lcom/clear/balance/clearBalance/service/RoleService;' @24  null (0x00000000)
 - private final 'request' 'Ljakarta/servlet/http/HttpServletRequest;' @28  null (0x00000000)
 - private final 'response' 'Ljakarta/servlet/http/HttpServletResponse;' @32  null (0x00000000)
stack at sp + 7 slots: 0x000000ee619fd890 is pointing into the stack for thread: 0x000002d7f04570c0

MethodHandle::interpreter_entry::_linkToSpecial [0x000002d7d7c3ae0c, 0x000002d7d7c3ae5b] (79 bytes)
[MachCode]
  0x000002d7d7c3ae0c: 6666 660f | 1f84 0000 | 0000 0066 | 6666 900f | 1f44 0000 | 488b 5308 | 0fb7 522e | 488b 0cd4 
  0x000002d7d7c3ae2c: 585b 5048 | 3b01 8b5b | 2448 c1e3 | 0348 8b5b | 1048 85db | 0f84 1000 | 0000 4180 | bfd8 0500 
  0x000002d7d7c3ae4c: 0000 7403 | ff63 38ff | 6350 e9a5 | 
[/MachCode]

---------------  P R O C E S S  ---------------

Threads class SMR info:
_java_thread_list=0x000002d7ef55a3e0, length=30, elements={
0x000002d7e7f41530, 0x000002d7e7f41c90, 0x000002d7e7f44a90, 0x000002d7e7f47710,
0x000002d7e7f49d80, 0x000002d7e7f4c600, 0x000002d7e7f5c3c0, 0x000002d7e809a300,
0x000002d7e81225a0, 0x000002d7e8127d40, 0x000002d7e81283c0, 0x000002d7e8bb5ba0,
0x000002d7e8d5a090, 0x000002d7e8d93910, 0x000002d7e8da5f80, 0x000002d7ed5afbf0,
0x000002d7ed5bda50, 0x000002d7f04535b0, 0x000002d7f0459eb0, 0x000002d7f0455680,
0x000002d7f04542d0, 0x000002d7f04563a0, 0x000002d7f0e62510, 0x000002d7f0e65990,
0x000002d7f0e64c70, 0x000002d7f04570c0, 0x000002d7f0453c40, 0x000002d7f0459190,
0x000002d7f045a540, 0x000002d7f0457750
}

Java Threads: ( => current thread )
  0x000002d7e7f41530 JavaThread "Reference Handler"          daemon [_thread_blocked, id=29016, stack(0x000000ee62300000,0x000000ee62400000) (1024K)]
  0x000002d7e7f41c90 JavaThread "Finalizer"                  daemon [_thread_blocked, id=49684, stack(0x000000ee62400000,0x000000ee62500000) (1024K)]
  0x000002d7e7f44a90 JavaThread "Signal Dispatcher"          daemon [_thread_blocked, id=56880, stack(0x000000ee62500000,0x000000ee62600000) (1024K)]
  0x000002d7e7f47710 JavaThread "Attach Listener"            daemon [_thread_blocked, id=62528, stack(0x000000ee62600000,0x000000ee62700000) (1024K)]
  0x000002d7e7f49d80 JavaThread "Service Thread"             daemon [_thread_blocked, id=8424, stack(0x000000ee62700000,0x000000ee62800000) (1024K)]
  0x000002d7e7f4c600 JavaThread "Monitor Deflation Thread"   daemon [_thread_blocked, id=60772, stack(0x000000ee62800000,0x000000ee62900000) (1024K)]
  0x000002d7e7f5c3c0 JavaThread "C1 CompilerThread0"         daemon [_thread_blocked, id=59876, stack(0x000000ee62900000,0x000000ee62a00000) (1024K)]
  0x000002d7e809a300 JavaThread "Common-Cleaner"             daemon [_thread_blocked, id=44796, stack(0x000000ee62b00000,0x000000ee62c00000) (1024K)]
  0x000002d7e81225a0 JavaThread "JDWP Transport Listener: dt_socket" daemon [_thread_blocked, id=69756, stack(0x000000ee62c00000,0x000000ee62d00000) (1024K)]
  0x000002d7e8127d40 JavaThread "JDWP Event Helper Thread"   daemon [_thread_blocked, id=59588, stack(0x000000ee62d00000,0x000000ee62e00000) (1024K)]
  0x000002d7e81283c0 JavaThread "JDWP Command Reader"        daemon [_thread_in_native, id=56396, stack(0x000000ee62e00000,0x000000ee62f00000) (1024K)]
  0x000002d7e8bb5ba0 JavaThread "Notification Thread"        daemon [_thread_blocked, id=59992, stack(0x000000ee63000000,0x000000ee63100000) (1024K)]
  0x000002d7e8d5a090 JavaThread "RMI TCP Accept-0"           daemon [_thread_in_native, id=50964, stack(0x000000ee63800000,0x000000ee63900000) (1024K)]
  0x000002d7e8d93910 JavaThread "RMI TCP Accept-51912"       daemon [_thread_in_native, id=60860, stack(0x000000ee63900000,0x000000ee63a00000) (1024K)]
  0x000002d7e8da5f80 JavaThread "RMI TCP Accept-0"           daemon [_thread_in_native, id=59704, stack(0x000000ee63a00000,0x000000ee63b00000) (1024K)]
  0x000002d7ed5afbf0 JavaThread "RMI Scheduler(0)"           daemon [_thread_blocked, id=26340, stack(0x000000ee63e00000,0x000000ee63f00000) (1024K)]
  0x000002d7ed5bda50 JavaThread "mysql-cj-abandoned-connection-cleanup" daemon [_thread_blocked, id=5388, stack(0x000000ee64100000,0x000000ee64200000) (1024K)]
  0x000002d7f04535b0 JavaThread "Live Reload Server"         daemon [_thread_in_native, id=63160, stack(0x000000ee64c00000,0x000000ee64d00000) (1024K)]
  0x000002d7f0459eb0 JavaThread "DestroyJavaVM"                     [_thread_blocked, id=64312, stack(0x000000ee61b00000,0x000000ee61c00000) (1024K)]
  0x000002d7f0455680 JavaThread "File Watcher"               daemon [_thread_blocked, id=64200, stack(0x000000ee62f00000,0x000000ee63000000) (1024K)]
  0x000002d7f04542d0 JavaThread "JMX server connection timeout 281" daemon [_thread_blocked, id=45124, stack(0x000000ee61a00000,0x000000ee61b00000) (1024K)]
  0x000002d7f04563a0 JavaThread "File Watcher"               daemon [_thread_blocked, id=66620, stack(0x000000ee63c00000,0x000000ee63d00000) (1024K)]
  0x000002d7f0e62510 JavaThread "File Watcher"               daemon [_thread_blocked, id=65052, stack(0x000000ee63f00000,0x000000ee64000000) (1024K)]
  0x000002d7f0e65990 JavaThread "RMI TCP Connection(660)-127.0.0.1" daemon [_thread_in_native, id=26256, stack(0x000000ee65400000,0x000000ee65500000) (1024K)]
  0x000002d7f0e64c70 JavaThread "Thread-208"                        [_thread_blocked, id=16216, stack(0x000000ee63b00000,0x000000ee63c00000) (1024K)]
=>0x000002d7f04570c0 JavaThread "restartedMain"                     [_thread_in_Java, id=55556, stack(0x000000ee61900000,0x000000ee61a00000) (1024K)]
  0x000002d7f0453c40 JavaThread "HikariPool-53 housekeeper"  daemon [_thread_blocked, id=60556, stack(0x000000ee63d00000,0x000000ee63e00000) (1024K)]
  0x000002d7f0459190 JavaThread "Catalina-utility-1"                [_thread_blocked, id=69988, stack(0x000000ee64300000,0x000000ee64400000) (1024K)]
  0x000002d7f045a540 JavaThread "Catalina-utility-2"                [_thread_blocked, id=43096, stack(0x000000ee64400000,0x000000ee64500000) (1024K)]
  0x000002d7f0457750 JavaThread "container-2"                       [_thread_blocked, id=66456, stack(0x000000ee64500000,0x000000ee64600000) (1024K)]
Total: 30

Other Threads:
  0x000002d7e7f26b80 VMThread "VM Thread"                           [id=53988, stack(0x000000ee62200000,0x000000ee62300000) (1024K)] _threads_hazard_ptr=0x000002d7ef55a3e0
  0x000002d7e56962e0 WatcherThread "VM Periodic Task Thread"        [id=56680, stack(0x000000ee62100000,0x000000ee62200000) (1024K)]
  0x000002d7e54e0b00 WorkerThread "GC Thread#0"                     [id=65124, stack(0x000000ee61c00000,0x000000ee61d00000) (1024K)]
  0x000002d7e8d2bd50 WorkerThread "GC Thread#1"                     [id=54432, stack(0x000000ee63100000,0x000000ee63200000) (1024K)]
  0x000002d7e8d2c0f0 WorkerThread "GC Thread#2"                     [id=60984, stack(0x000000ee63200000,0x000000ee63300000) (1024K)]
  0x000002d7e8d2c490 WorkerThread "GC Thread#3"                     [id=60852, stack(0x000000ee63300000,0x000000ee63400000) (1024K)]
  0x000002d7e8d2de40 WorkerThread "GC Thread#4"                     [id=60680, stack(0x000000ee63400000,0x000000ee63500000) (1024K)]
  0x000002d7e8d2c880 WorkerThread "GC Thread#5"                     [id=59504, stack(0x000000ee63500000,0x000000ee63600000) (1024K)]
  0x000002d7e8d2d700 WorkerThread "GC Thread#6"                     [id=60688, stack(0x000000ee63600000,0x000000ee63700000) (1024K)]
  0x000002d7e8d2e1e0 WorkerThread "GC Thread#7"                     [id=61364, stack(0x000000ee63700000,0x000000ee63800000) (1024K)]
  0x000002d7cf798560 ConcurrentGCThread "G1 Main Marker"            [id=57968, stack(0x000000ee61d00000,0x000000ee61e00000) (1024K)]
  0x000002d7cf799df0 WorkerThread "G1 Conc#0"                       [id=48232, stack(0x000000ee61e00000,0x000000ee61f00000) (1024K)]
  0x000002d7e8d2daa0 WorkerThread "G1 Conc#1"                       [id=60496, stack(0x000000ee64200000,0x000000ee64300000) (1024K)]
  0x000002d7e554dfd0 ConcurrentGCThread "G1 Refine#0"               [id=18156, stack(0x000000ee61f00000,0x000000ee62000000) (1024K)]
  0x000002d7e5551580 ConcurrentGCThread "G1 Service"                [id=54136, stack(0x000000ee62000000,0x000000ee62100000) (1024K)]
Total: 15

Threads with active compile tasks:
Total: 0

VM state: synchronizing (normal execution)

VM Mutex/Monitor currently owned by a thread:  ([mutex/lock_event])
[0x00007ffe39c7de50] Threads_lock - owner thread: 0x000002d7e7f26b80

Heap address: 0x0000000603000000, size: 8144 MB, Compressed Oops mode: Zero based, Oop shift amount: 3

CDS archive(s) mapped at: [0x000002d780000000-0x000002d780c90000-0x000002d780c90000), size 13172736, SharedBaseAddress: 0x000002d780000000, ArchiveRelocationMode: 1.
Compressed class space mapped at: 0x000002d781000000-0x000002d7c1000000, reserved size: 1073741824
Narrow klass base: 0x000002d780000000, Narrow klass shift: 0, Narrow klass range: 0x100000000

GC Precious Log:
 CardTable entry size: 512
 Card Set container configuration: InlinePtr #cards 4 size 8 Array Of Cards #cards 32 size 80 Howl #buckets 8 coarsen threshold 7372 Howl Bitmap #cards 1024 size 144 coarsen threshold 921 Card regions per heap region 1 cards per card region 8192
 CPUs: 8 total, 8 available
 Memory: 32563M
 Large Page Support: Disabled
 NUMA Support: Disabled
 Compressed Oops: Enabled (Zero based)
 Heap Region Size: 4M
 Heap Min Capacity: 8M
 Heap Initial Capacity: 512M
 Heap Max Capacity: 8144M
 Pre-touch: Disabled
 Parallel Workers: 8
 Concurrent Workers: 2
 Concurrent Refinement Workers: 8
 Periodic GC: Disabled

Heap:
 garbage-first heap   total 163840K, used 101385K [0x0000000603000000, 0x0000000800000000)
  region size 4096K, 16 young (65536K), 2 survivors (8192K)
 Metaspace       used 104045K, committed 105216K, reserved 1179648K
  class space    used 13690K, committed 14272K, reserved 1048576K

Heap Regions: E=young(eden), S=young(survivor), O=old, HS=humongous(starts), HC=humongous(continues), CS=collection set, F=free, TAMS=top-at-mark-start, PB=parsable bottom
|   0|0x0000000603000000, 0x0000000603400000, 0x0000000603400000|100%| O|  |TAMS 0x0000000603000000| PB 0x0000000603000000| Untracked 
|   1|0x0000000603400000, 0x00000006037fffe0, 0x0000000603800000| 99%| O|  |TAMS 0x0000000603400000| PB 0x0000000603400000| Untracked 
|   2|0x0000000603800000, 0x0000000603bfffe8, 0x0000000603c00000| 99%| O|  |TAMS 0x0000000603800000| PB 0x0000000603800000| Untracked 
|   3|0x0000000603c00000, 0x0000000603ffffe0, 0x0000000604000000| 99%| O|  |TAMS 0x0000000603c00000| PB 0x0000000603c00000| Untracked 
|   4|0x0000000604000000, 0x0000000604400000, 0x0000000604400000|100%| O|  |TAMS 0x0000000604000000| PB 0x0000000604000000| Untracked 
|   5|0x0000000604400000, 0x00000006047fffe8, 0x0000000604800000| 99%| O|  |TAMS 0x0000000604400000| PB 0x0000000604400000| Untracked 
|   6|0x0000000604800000, 0x0000000604bfffb8, 0x0000000604c00000| 99%| O|  |TAMS 0x0000000604800000| PB 0x0000000604800000| Untracked 
|   7|0x0000000604c00000, 0x0000000604ded0c8, 0x0000000605000000| 48%| O|  |TAMS 0x0000000604c00000| PB 0x0000000604c00000| Untracked 
|   8|0x0000000605000000, 0x00000006053ffff8, 0x0000000605400000| 99%| O|  |TAMS 0x0000000605000000| PB 0x0000000605000000| Untracked 
|   9|0x0000000605400000, 0x00000006057fffc8, 0x0000000605800000| 99%| O|  |TAMS 0x0000000605400000| PB 0x0000000605400000| Untracked 
|  10|0x0000000605800000, 0x0000000605816a10, 0x0000000605c00000|  2%| O|Cm|TAMS 0x0000000605800000| PB 0x0000000605800000| Complete 
|  11|0x0000000605c00000, 0x0000000605c00000, 0x0000000606000000|  0%| F|  |TAMS 0x0000000605c00000| PB 0x0000000605c00000| Untracked 
|  12|0x0000000606000000, 0x000000060628ab90, 0x0000000606400000| 63%| O|  |TAMS 0x0000000606000000| PB 0x0000000606000000| Untracked 
|  13|0x0000000606400000, 0x0000000606428be8, 0x0000000606800000|  3%| O|  |TAMS 0x0000000606400000| PB 0x0000000606400000| Untracked 
|  14|0x0000000606800000, 0x0000000606800000, 0x0000000606c00000|  0%| F|  |TAMS 0x0000000606800000| PB 0x0000000606800000| Untracked 
|  15|0x0000000606c00000, 0x0000000606e4b568, 0x0000000607000000| 57%| S|CS|TAMS 0x0000000606c00000| PB 0x0000000606c00000| Complete 
|  16|0x0000000607000000, 0x0000000607400000, 0x0000000607400000|100%| S|CS|TAMS 0x0000000607000000| PB 0x0000000607000000| Complete 
|  17|0x0000000607400000, 0x0000000607400000, 0x0000000607800000|  0%| F|  |TAMS 0x0000000607400000| PB 0x0000000607400000| Untracked 
|  18|0x0000000607800000, 0x0000000607800000, 0x0000000607c00000|  0%| F|  |TAMS 0x0000000607800000| PB 0x0000000607800000| Untracked 
|  19|0x0000000607c00000, 0x0000000607c00000, 0x0000000608000000|  0%| F|  |TAMS 0x0000000607c00000| PB 0x0000000607c00000| Untracked 
|  20|0x0000000608000000, 0x0000000608000000, 0x0000000608400000|  0%| F|  |TAMS 0x0000000608000000| PB 0x0000000608000000| Untracked 
|  21|0x0000000608400000, 0x0000000608400000, 0x0000000608800000|  0%| F|  |TAMS 0x0000000608400000| PB 0x0000000608400000| Untracked 
|  22|0x0000000608800000, 0x0000000608800000, 0x0000000608c00000|  0%| F|  |TAMS 0x0000000608800000| PB 0x0000000608800000| Untracked 
|  23|0x0000000608c00000, 0x0000000608c00000, 0x0000000609000000|  0%| F|  |TAMS 0x0000000608c00000| PB 0x0000000608c00000| Untracked 
|  24|0x0000000609000000, 0x0000000609000000, 0x0000000609400000|  0%| F|  |TAMS 0x0000000609000000| PB 0x0000000609000000| Untracked 
|  25|0x0000000609400000, 0x0000000609400000, 0x0000000609800000|  0%| F|  |TAMS 0x0000000609400000| PB 0x0000000609400000| Untracked 
|  26|0x0000000609800000, 0x0000000609875900, 0x0000000609c00000| 11%| E|  |TAMS 0x0000000609800000| PB 0x0000000609800000| Complete 
|  27|0x0000000609c00000, 0x000000060a000000, 0x000000060a000000|100%| E|CS|TAMS 0x0000000609c00000| PB 0x0000000609c00000| Complete 
|  28|0x000000060a000000, 0x000000060a400000, 0x000000060a400000|100%| E|CS|TAMS 0x000000060a000000| PB 0x000000060a000000| Complete 
|  29|0x000000060a400000, 0x000000060a800000, 0x000000060a800000|100%| E|CS|TAMS 0x000000060a400000| PB 0x000000060a400000| Complete 
|  30|0x000000060a800000, 0x000000060ac00000, 0x000000060ac00000|100%| E|CS|TAMS 0x000000060a800000| PB 0x000000060a800000| Complete 
|  31|0x000000060ac00000, 0x000000060b000000, 0x000000060b000000|100%| E|CS|TAMS 0x000000060ac00000| PB 0x000000060ac00000| Complete 
|  32|0x000000060b000000, 0x000000060b400000, 0x000000060b400000|100%| E|CS|TAMS 0x000000060b000000| PB 0x000000060b000000| Complete 
|  33|0x000000060b400000, 0x000000060b800000, 0x000000060b800000|100%| E|CS|TAMS 0x000000060b400000| PB 0x000000060b400000| Complete 
|  34|0x000000060b800000, 0x000000060bc00000, 0x000000060bc00000|100%| E|CS|TAMS 0x000000060b800000| PB 0x000000060b800000| Complete 
|  35|0x000000060bc00000, 0x000000060c000000, 0x000000060c000000|100%| E|CS|TAMS 0x000000060bc00000| PB 0x000000060bc00000| Complete 
|  36|0x000000060c000000, 0x000000060c400000, 0x000000060c400000|100%| E|CS|TAMS 0x000000060c000000| PB 0x000000060c000000| Complete 
|  37|0x000000060c400000, 0x000000060c800000, 0x000000060c800000|100%| E|CS|TAMS 0x000000060c400000| PB 0x000000060c400000| Complete 
|  38|0x000000060c800000, 0x000000060cc00000, 0x000000060cc00000|100%| E|CS|TAMS 0x000000060c800000| PB 0x000000060c800000| Complete 
|  39|0x000000060cc00000, 0x000000060d000000, 0x000000060d000000|100%| E|CS|TAMS 0x000000060cc00000| PB 0x000000060cc00000| Complete 

Card table byte_map: [0x000002d7dc4e0000,0x000002d7dd4d0000] _byte_map_base: 0x000002d7d94c8000

Marking Bits: (CMBitMap*) 0x000002d7cf787e00
 Bits: [0x000002d7dd4d0000, 0x000002d7e5410000)

Polling page: 0x000002d7cded0000

Metaspace:

Usage:
  Non-class:     88.24 MB used.
      Class:     13.37 MB used.
       Both:    101.61 MB used.

Virtual space:
  Non-class space:      128.00 MB reserved,      88.81 MB ( 69%) committed,  2 nodes.
      Class space:        1.00 GB reserved,      13.94 MB (  1%) committed,  1 nodes.
             Both:        1.12 GB reserved,     102.75 MB (  9%) committed. 

Chunk freelists:
   Non-Class:  6.76 MB
       Class:  2.03 MB
        Both:  8.79 MB

MaxMetaspaceSize: unlimited
CompressedClassSpaceSize: 1.00 GB
Initial GC threshold: 21.00 MB
Current GC threshold: 170.94 MB
CDS: on
 - commit_granule_bytes: 65536.
 - commit_granule_words: 8192.
 - virtual_space_node_default_size: 8388608.
 - enlarge_chunks_in_place: 1.
 - use_allocation_guard: 0.


Internal statistics:

num_allocs_failed_limit: 9.
num_arena_births: 8042.
num_arena_deaths: 6656.
num_vsnodes_births: 3.
num_vsnodes_deaths: 0.
num_space_committed: 1856.
num_space_uncommitted: 108.
num_chunks_returned_to_freelist: 10929.
num_chunks_taken_from_freelist: 17643.
num_chunk_merges: 1864.
num_chunk_splits: 7103.
num_chunks_enlarged: 4675.
num_inconsistent_stats: 0.

CodeCache: size=49152Kb used=32689Kb max_used=34024Kb free=16462Kb
 bounds [0x000002d7d7c00000, 0x000002d7d9d60000, 0x000002d7dac00000]
 total_blobs=14679 nmethods=13896 adapters=705
 compilation: enabled
              stopped_count=0, restarted_count=0
 full_count=0

Compilation events (20 events):
Event: 73676.494 Thread 0x000002d7e7f5c3c0 63177       1       java.util.logging.LogManager$LoggerContext$1::run (46 bytes)
Event: 73676.495 Thread 0x000002d7e7f5c3c0 nmethod 63177 0x000002d7d9cf0e90 code [0x000002d7d9cf1100, 0x000002d7d9cf16f8]
Event: 73676.495 Thread 0x000002d7e7f5c3c0 63179       1       java.util.logging.LogManager$LogNode::walkAndSetParent (88 bytes)
Event: 73676.495 Thread 0x000002d7e7f5c3c0 nmethod 63179 0x000002d7d8dcea10 code [0x000002d7d8dcec20, 0x000002d7d8dcef68]
Event: 73676.594 Thread 0x000002d7e7f5c3c0 63180       1       net.bytebuddy.matcher.MethodParametersMatcher::<init> (10 bytes)
Event: 73676.594 Thread 0x000002d7e7f5c3c0 nmethod 63180 0x000002d7d7ebe590 code [0x000002d7d7ebe720, 0x000002d7d7ebe838]
Event: 73676.600 Thread 0x000002d7e7f5c3c0 63181       1       jdk.proxy2.$Proxy117::<init> (6 bytes)
Event: 73676.600 Thread 0x000002d7e7f5c3c0 nmethod 63181 0x000002d7d8838c10 code [0x000002d7d8838dc0, 0x000002d7d8838fa0]
Event: 73676.873 Thread 0x000002d7e7f5c3c0 63182       1       org.springframework.asm.SymbolTable::addMergedType (164 bytes)
Event: 73676.873 Thread 0x000002d7e7f5c3c0 nmethod 63182 0x000002d7d9ae8810 code [0x000002d7d9ae8a00, 0x000002d7d9ae8e18]
Event: 73676.873 Thread 0x000002d7e7f5c3c0 63183       1       org.springframework.asm.SymbolTable::hash (7 bytes)
Event: 73676.873 Thread 0x000002d7e7f5c3c0 nmethod 63183 0x000002d7d7df1810 code [0x000002d7d7df19a0, 0x000002d7d7df1a50]
Event: 73676.886 Thread 0x000002d7e7f5c3c0 63184       1       org.springframework.boot.web.servlet.AbstractFilterRegistrationBean::<init> (58 bytes)
Event: 73676.887 Thread 0x000002d7e7f5c3c0 nmethod 63184 0x000002d7d9cf0090 code [0x000002d7d9cf02e0, 0x000002d7d9cf0b50]
Event: 73676.888 Thread 0x000002d7e7f5c3c0 63185       1       java.util.logging.LogManager::getBooleanProperty (63 bytes)
Event: 73676.888 Thread 0x000002d7e7f5c3c0 nmethod 63185 0x000002d7d8168690 code [0x000002d7d81688a0, 0x000002d7d8168be0]
Event: 73676.888 Thread 0x000002d7e7f5c3c0 63187   !   1       java.util.logging.Logger::doSetParent (167 bytes)
Event: 73676.889 Thread 0x000002d7e7f5c3c0 nmethod 63187 0x000002d7d9cee690 code [0x000002d7d9cee920, 0x000002d7d9cef6e0]
Event: 73676.889 Thread 0x000002d7e7f5c3c0 63186       1       java.util.logging.Logger::setParent (39 bytes)
Event: 73676.889 Thread 0x000002d7e7f5c3c0 nmethod 63186 0x000002d7d7f93310 code [0x000002d7d7f934e0, 0x000002d7d7f93750]

GC Heap History (20 events):
Event: 73302.816 GC heap before
{Heap before GC invocations=340 (full 47):
 garbage-first heap   total 167936K, used 136647K [0x0000000603000000, 0x0000000800000000)
  region size 4096K, 24 young (98304K), 0 survivors (0K)
 Metaspace       used 101490K, committed 102848K, reserved 1179648K
  class space    used 13469K, committed 14144K, reserved 1048576K
}
Event: 73302.820 GC heap after
{Heap after GC invocations=341 (full 47):
 garbage-first heap   total 167936K, used 48946K [0x0000000603000000, 0x0000000800000000)
  region size 4096K, 2 young (8192K), 2 survivors (8192K)
 Metaspace       used 101490K, committed 102848K, reserved 1179648K
  class space    used 13469K, committed 14144K, reserved 1048576K
}
Event: 73303.295 GC heap before
{Heap before GC invocations=342 (full 47):
 garbage-first heap   total 167936K, used 134962K [0x0000000603000000, 0x0000000800000000)
  region size 4096K, 23 young (94208K), 2 survivors (8192K)
 Metaspace       used 101596K, committed 102912K, reserved 1179648K
  class space    used 13463K, committed 14144K, reserved 1048576K
}
Event: 73303.299 GC heap after
{Heap after GC invocations=343 (full 47):
 garbage-first heap   total 167936K, used 51752K [0x0000000603000000, 0x0000000800000000)
  region size 4096K, 3 young (12288K), 3 survivors (12288K)
 Metaspace       used 101596K, committed 102912K, reserved 1179648K
  class space    used 13463K, committed 14144K, reserved 1048576K
}
Event: 73331.347 GC heap before
{Heap before GC invocations=343 (full 47):
 garbage-first heap   total 167936K, used 64040K [0x0000000603000000, 0x0000000800000000)
  region size 4096K, 7 young (28672K), 3 survivors (12288K)
 Metaspace       used 101619K, committed 102912K, reserved 1179648K
  class space    used 13466K, committed 14144K, reserved 1048576K
}
Event: 73331.402 GC heap after
{Heap after GC invocations=344 (full 48):
 garbage-first heap   total 163840K, used 41552K [0x0000000603000000, 0x0000000800000000)
  region size 4096K, 0 young (0K), 0 survivors (0K)
 Metaspace       used 101582K, committed 102912K, reserved 1179648K
  class space    used 13460K, committed 14144K, reserved 1048576K
}
Event: 73332.011 GC heap before
{Heap before GC invocations=344 (full 48):
 garbage-first heap   total 163840K, used 139856K [0x0000000603000000, 0x0000000800000000)
  region size 4096K, 24 young (98304K), 0 survivors (0K)
 Metaspace       used 102132K, committed 103424K, reserved 1179648K
  class space    used 13512K, committed 14208K, reserved 1048576K
}
Event: 73332.015 GC heap after
{Heap after GC invocations=345 (full 48):
 garbage-first heap   total 163840K, used 48131K [0x0000000603000000, 0x0000000800000000)
  region size 4096K, 2 young (8192K), 2 survivors (8192K)
 Metaspace       used 102132K, committed 103424K, reserved 1179648K
  class space    used 13512K, committed 14208K, reserved 1048576K
}
Event: 73345.315 GC heap before
{Heap before GC invocations=346 (full 48):
 garbage-first heap   total 163840K, used 138243K [0x0000000603000000, 0x0000000800000000)
  region size 4096K, 24 young (98304K), 2 survivors (8192K)
 Metaspace       used 102353K, committed 103616K, reserved 1179648K
  class space    used 13533K, committed 14208K, reserved 1048576K
}
Event: 73345.318 GC heap after
{Heap after GC invocations=347 (full 48):
 garbage-first heap   total 163840K, used 49490K [0x0000000603000000, 0x0000000800000000)
  region size 4096K, 2 young (8192K), 2 survivors (8192K)
 Metaspace       used 102353K, committed 103616K, reserved 1179648K
  class space    used 13533K, committed 14208K, reserved 1048576K
}
Event: 73593.030 GC heap before
{Heap before GC invocations=347 (full 48):
 garbage-first heap   total 163840K, used 135506K [0x0000000603000000, 0x0000000800000000)
  region size 4096K, 24 young (98304K), 2 survivors (8192K)
 Metaspace       used 102564K, committed 103872K, reserved 1179648K
  class space    used 13538K, committed 14208K, reserved 1048576K
}
Event: 73593.096 GC heap after
{Heap after GC invocations=348 (full 49):
 garbage-first heap   total 163840K, used 42140K [0x0000000603000000, 0x0000000800000000)
  region size 4096K, 0 young (0K), 0 survivors (0K)
 Metaspace       used 102558K, committed 103872K, reserved 1179648K
  class space    used 13537K, committed 14208K, reserved 1048576K
}
Event: 73593.739 GC heap before
{Heap before GC invocations=348 (full 49):
 garbage-first heap   total 163840K, used 136348K [0x0000000603000000, 0x0000000800000000)
  region size 4096K, 24 young (98304K), 0 survivors (0K)
 Metaspace       used 103121K, committed 104320K, reserved 1179648K
  class space    used 13603K, committed 14208K, reserved 1048576K
}
Event: 73593.743 GC heap after
{Heap after GC invocations=349 (full 49):
 garbage-first heap   total 163840K, used 48540K [0x0000000603000000, 0x0000000800000000)
  region size 4096K, 2 young (8192K), 2 survivors (8192K)
 Metaspace       used 103121K, committed 104320K, reserved 1179648K
  class space    used 13603K, committed 14208K, reserved 1048576K
}
Event: 73602.447 GC heap before
{Heap before GC invocations=350 (full 49):
 garbage-first heap   total 163840K, used 138652K [0x0000000603000000, 0x0000000800000000)
  region size 4096K, 24 young (98304K), 2 survivors (8192K)
 Metaspace       used 103300K, committed 104512K, reserved 1179648K
  class space    used 13612K, committed 14208K, reserved 1048576K
}
Event: 73602.453 GC heap after
{Heap after GC invocations=351 (full 49):
 garbage-first heap   total 163840K, used 51389K [0x0000000603000000, 0x0000000800000000)
  region size 4096K, 3 young (12288K), 3 survivors (12288K)
 Metaspace       used 103300K, committed 104512K, reserved 1179648K
  class space    used 13612K, committed 14208K, reserved 1048576K
}
Event: 73676.059 GC heap before
{Heap before GC invocations=351 (full 49):
 garbage-first heap   total 163840K, used 75965K [0x0000000603000000, 0x0000000800000000)
  region size 4096K, 10 young (40960K), 3 survivors (12288K)
 Metaspace       used 103310K, committed 104512K, reserved 1179648K
  class space    used 13613K, committed 14208K, reserved 1048576K
}
Event: 73676.115 GC heap after
{Heap after GC invocations=352 (full 50):
 garbage-first heap   total 163840K, used 41692K [0x0000000603000000, 0x0000000800000000)
  region size 4096K, 0 young (0K), 0 survivors (0K)
 Metaspace       used 103272K, committed 104512K, reserved 1179648K
  class space    used 13607K, committed 14208K, reserved 1048576K
}
Event: 73676.729 GC heap before
{Heap before GC invocations=352 (full 50):
 garbage-first heap   total 163840K, used 135900K [0x0000000603000000, 0x0000000800000000)
  region size 4096K, 23 young (94208K), 0 survivors (0K)
 Metaspace       used 103799K, committed 105024K, reserved 1179648K
  class space    used 13672K, committed 14272K, reserved 1048576K
}
Event: 73676.732 GC heap after
{Heap after GC invocations=353 (full 50):
 garbage-first heap   total 163840K, used 48137K [0x0000000603000000, 0x0000000800000000)
  region size 4096K, 2 young (8192K), 2 survivors (8192K)
 Metaspace       used 103799K, committed 105024K, reserved 1179648K
  class space    used 13672K, committed 14272K, reserved 1048576K
}

Dll operation events (12 events):
Event: 0.024 Loaded shared library C:\Program Files\Java\jdk-21\bin\java.dll
Event: 0.201 Loaded shared library C:\Program Files\Java\jdk-21\bin\zip.dll
Event: 0.204 Loaded shared library C:\Program Files\Java\jdk-21\bin\instrument.dll
Event: 0.209 Loaded shared library C:\Program Files\Java\jdk-21\bin\net.dll
Event: 0.211 Loaded shared library C:\Program Files\Java\jdk-21\bin\nio.dll
Event: 0.213 Loaded shared library C:\Program Files\Java\jdk-21\bin\zip.dll
Event: 0.355 Loaded shared library C:\Program Files\Java\jdk-21\bin\jimage.dll
Event: 0.402 Loaded shared library C:\Program Files\Java\jdk-21\bin\management.dll
Event: 0.417 Loaded shared library C:\Program Files\Java\jdk-21\bin\management_ext.dll
Event: 0.643 Loaded shared library C:\Program Files\Java\jdk-21\bin\extnet.dll
Event: 0.669 Loaded shared library C:\Program Files\Java\jdk-21\bin\verify.dll
Event: 1.862 Loaded shared library C:\Program Files\Java\jdk-21\bin\sunmscapi.dll

Deoptimization events (20 events):
Event: 73676.896 Thread 0x000002d7f04570c0 DEOPT PACKING pc=0x000002d7d8f6636c sp=0x000000ee619fb050
Event: 73676.896 Thread 0x000002d7f04570c0 DEOPT UNPACKING pc=0x000002d7d7c588e2 sp=0x000000ee619fa588 mode 1
Event: 73676.896 Thread 0x000002d7f04570c0 DEOPT PACKING pc=0x000002d7d8c0f6f4 sp=0x000000ee619fb140
Event: 73676.896 Thread 0x000002d7f04570c0 DEOPT UNPACKING pc=0x000002d7d7c588e2 sp=0x000000ee619fa6f0 mode 1
Event: 73676.896 Thread 0x000002d7f04570c0 DEOPT PACKING pc=0x000002d7d8f6822c sp=0x000000ee619fb2b0
Event: 73676.897 Thread 0x000002d7f04570c0 DEOPT UNPACKING pc=0x000002d7d7c588e2 sp=0x000000ee619fa870 mode 1
Event: 73676.897 Thread 0x000002d7f04570c0 DEOPT PACKING pc=0x000002d7d8f6636c sp=0x000000ee619fb050
Event: 73676.897 Thread 0x000002d7f04570c0 DEOPT UNPACKING pc=0x000002d7d7c588e2 sp=0x000000ee619fa588 mode 1
Event: 73676.897 Thread 0x000002d7f04570c0 DEOPT PACKING pc=0x000002d7d8c0f6f4 sp=0x000000ee619fb140
Event: 73676.897 Thread 0x000002d7f04570c0 DEOPT UNPACKING pc=0x000002d7d7c588e2 sp=0x000000ee619fa6f0 mode 1
Event: 73676.897 Thread 0x000002d7f04570c0 DEOPT PACKING pc=0x000002d7d8f6822c sp=0x000000ee619fb2b0
Event: 73676.897 Thread 0x000002d7f04570c0 DEOPT UNPACKING pc=0x000002d7d7c588e2 sp=0x000000ee619fa870 mode 1
Event: 73676.897 Thread 0x000002d7f04570c0 DEOPT PACKING pc=0x000002d7d8b4abb4 sp=0x000000ee619fc9e0
Event: 73676.897 Thread 0x000002d7f04570c0 DEOPT UNPACKING pc=0x000002d7d7c588e2 sp=0x000000ee619fbf40 mode 1
Event: 73676.897 Thread 0x000002d7f04570c0 DEOPT PACKING pc=0x000002d7d859526c sp=0x000000ee619fcb00
Event: 73676.897 Thread 0x000002d7f04570c0 DEOPT UNPACKING pc=0x000002d7d7c588e2 sp=0x000000ee619fbfd0 mode 1
Event: 73676.897 Thread 0x000002d7f04570c0 DEOPT PACKING pc=0x000002d7d8b4abb4 sp=0x000000ee619fc9d0
Event: 73676.897 Thread 0x000002d7f04570c0 DEOPT UNPACKING pc=0x000002d7d7c588e2 sp=0x000000ee619fbf48 mode 1
Event: 73717.176 Thread 0x000002d7f04570c0 DEOPT PACKING pc=0x000002d7d833a194 sp=0x000000ee619fd870
Event: 73717.176 Thread 0x000002d7f04570c0 DEOPT UNPACKING pc=0x000002d7d7c588e2 sp=0x000000ee619fcd18 mode 0

Classes loaded (20 events):
Event: 47553.599 Loading class java/time/DurationEditor
Event: 47553.599 Loading class java/time/DurationEditor done
Event: 52655.262 Loading class java/time/DurationEditor
Event: 52655.262 Loading class java/time/DurationEditor done
Event: 54684.941 Loading class java/time/DurationEditor
Event: 54684.941 Loading class java/time/DurationEditor done
Event: 54828.438 Loading class java/time/DurationEditor
Event: 54828.438 Loading class java/time/DurationEditor done
Event: 71775.047 Loading class java/time/DurationEditor
Event: 71775.047 Loading class java/time/DurationEditor done
Event: 72099.982 Loading class java/time/DurationEditor
Event: 72099.982 Loading class java/time/DurationEditor done
Event: 72522.071 Loading class java/time/DurationEditor
Event: 72522.071 Loading class java/time/DurationEditor done
Event: 73074.670 Loading class java/time/DurationEditor
Event: 73074.670 Loading class java/time/DurationEditor done
Event: 73302.999 Loading class java/time/DurationEditor
Event: 73302.999 Loading class java/time/DurationEditor done
Event: 73593.949 Loading class java/time/DurationEditor
Event: 73593.949 Loading class java/time/DurationEditor done

Classes unloaded (20 events):
Event: 73593.780 Thread 0x000002d7e7f26b80 Unloading class 0x000002d781b3ac00 'java/lang/invoke/LambdaForm$MH+0x000002d781b3ac00'
Event: 73593.780 Thread 0x000002d7e7f26b80 Unloading class 0x000002d781805000 'java/lang/invoke/LambdaForm$MH+0x000002d781805000'
Event: 73593.780 Thread 0x000002d7e7f26b80 Unloading class 0x000002d781d80400 'jdk/internal/reflect/GeneratedSerializationConstructorAccessor277'
Event: 73593.780 Thread 0x000002d7e7f26b80 Unloading class 0x000002d781d95800 'jdk/internal/reflect/GeneratedSerializationConstructorAccessor274'
Event: 73593.780 Thread 0x000002d7e7f26b80 Unloading class 0x000002d781d95400 'jdk/internal/reflect/GeneratedSerializationConstructorAccessor273'
Event: 73593.780 Thread 0x000002d7e7f26b80 Unloading class 0x000002d781b4dc00 'jdk/internal/reflect/GeneratedSerializationConstructorAccessor238'
Event: 73593.780 Thread 0x000002d7e7f26b80 Unloading class 0x000002d781950000 'java/lang/invoke/LambdaForm$MH+0x000002d781950000'
Event: 73676.076 Thread 0x000002d7e7f26b80 Unloading class 0x000002d781d80400 'jdk/internal/reflect/GeneratedSerializationConstructorAccessor319'
Event: 73676.076 Thread 0x000002d7e7f26b80 Unloading class 0x000002d781d40000 'jdk/internal/reflect/GeneratedSerializationConstructorAccessor316'
Event: 73676.076 Thread 0x000002d7e7f26b80 Unloading class 0x000002d781d8c400 'jdk/internal/reflect/GeneratedSerializationConstructorAccessor314'
Event: 73676.076 Thread 0x000002d7e7f26b80 Unloading class 0x000002d781cfd400 'jdk/internal/reflect/GeneratedSerializationConstructorAccessor313'
Event: 73676.076 Thread 0x000002d7e7f26b80 Unloading class 0x000002d781daac00 'jdk/internal/reflect/GeneratedSerializationConstructorAccessor307'
Event: 73676.076 Thread 0x000002d7e7f26b80 Unloading class 0x000002d781d4a800 'jdk/internal/reflect/GeneratedSerializationConstructorAccessor305'
Event: 73676.076 Thread 0x000002d7e7f26b80 Unloading class 0x000002d781cef400 'jdk/internal/reflect/GeneratedSerializationConstructorAccessor302'
Event: 73676.076 Thread 0x000002d7e7f26b80 Unloading class 0x000002d781cff400 'java/lang/invoke/LambdaForm$MH+0x000002d781cff400'
Event: 73676.076 Thread 0x000002d7e7f26b80 Unloading class 0x000002d7810c8800 'java/lang/invoke/LambdaForm$MH+0x000002d7810c8800'
Event: 73676.076 Thread 0x000002d7e7f26b80 Unloading class 0x000002d781d4a400 'java/lang/invoke/LambdaForm$MH+0x000002d781d4a400'
Event: 73676.076 Thread 0x000002d7e7f26b80 Unloading class 0x000002d781c51c00 'java/lang/invoke/LambdaForm$MH+0x000002d781c51c00'
Event: 73676.076 Thread 0x000002d7e7f26b80 Unloading class 0x000002d781ccf000 'org/apache/catalina/loader/JdbcLeakPrevention'
Event: 73676.076 Thread 0x000002d7e7f26b80 Unloading class 0x000002d781cc0c00 'java/lang/invoke/LambdaForm$MH+0x000002d781cc0c00'

Classes redefined (20 events):
Event: 54680.893 Thread 0x000002d7e7f26b80 redefined class name=com.clear.balance.clearBalance.provider.TokenProvider, count=1
Event: 54680.893 Thread 0x000002d7e7f26b80 redefined class name=com.clear.balance.clearBalance.provider.TokenProvider, count=1
Event: 54680.893 Thread 0x000002d7e7f26b80 redefined class name=com.clear.balance.clearBalance.provider.TokenProvider, count=1
Event: 54680.893 Thread 0x000002d7e7f26b80 redefined class name=com.clear.balance.clearBalance.provider.TokenProvider, count=1
Event: 54680.893 Thread 0x000002d7e7f26b80 redefined class name=com.clear.balance.clearBalance.provider.TokenProvider, count=1
Event: 54680.893 Thread 0x000002d7e7f26b80 redefined class name=com.clear.balance.clearBalance.provider.TokenProvider, count=1
Event: 54680.893 Thread 0x000002d7e7f26b80 redefined class name=com.clear.balance.clearBalance.provider.TokenProvider, count=1
Event: 54680.893 Thread 0x000002d7e7f26b80 redefined class name=com.clear.balance.clearBalance.provider.TokenProvider, count=1
Event: 54680.893 Thread 0x000002d7e7f26b80 redefined class name=com.clear.balance.clearBalance.provider.TokenProvider, count=1
Event: 54825.335 Thread 0x000002d7e7f26b80 redefined class name=com.clear.balance.clearBalance.provider.TokenProvider, count=1
Event: 54825.335 Thread 0x000002d7e7f26b80 redefined class name=com.clear.balance.clearBalance.provider.TokenProvider, count=2
Event: 54825.335 Thread 0x000002d7e7f26b80 redefined class name=com.clear.balance.clearBalance.provider.TokenProvider, count=2
Event: 54825.335 Thread 0x000002d7e7f26b80 redefined class name=com.clear.balance.clearBalance.provider.TokenProvider, count=2
Event: 54825.335 Thread 0x000002d7e7f26b80 redefined class name=com.clear.balance.clearBalance.provider.TokenProvider, count=2
Event: 54825.335 Thread 0x000002d7e7f26b80 redefined class name=com.clear.balance.clearBalance.provider.TokenProvider, count=2
Event: 54825.335 Thread 0x000002d7e7f26b80 redefined class name=com.clear.balance.clearBalance.provider.TokenProvider, count=2
Event: 54825.335 Thread 0x000002d7e7f26b80 redefined class name=com.clear.balance.clearBalance.provider.TokenProvider, count=2
Event: 54825.335 Thread 0x000002d7e7f26b80 redefined class name=com.clear.balance.clearBalance.provider.TokenProvider, count=2
Event: 54825.335 Thread 0x000002d7e7f26b80 redefined class name=com.clear.balance.clearBalance.provider.TokenProvider, count=2
Event: 54825.335 Thread 0x000002d7e7f26b80 redefined class name=com.clear.balance.clearBalance.provider.TokenProvider, count=2

Internal exceptions (20 events):
Event: 73593.112 Thread 0x000002d7f0f30a80 Exception <a 'sun/nio/fs/WindowsException'{0x000000060cce0e58}> (0x000000060cce0e58) 
thrown [s\open\src\hotspot\share\prims\jni.cpp, line 520]
Event: 73593.430 Thread 0x000002d7f0f30a80 Exception <a 'java/lang/NoClassDefFoundError'{0x000000060a713630}: org/flywaydb/core/Flyway> (0x000000060a713630) 
thrown [s\open\src\hotspot\share\oops\constantPool.cpp, line 873]
Event: 73593.432 Thread 0x000002d7f0f30a80 Exception <a 'java/lang/NoClassDefFoundError'{0x000000060a713c90}: liquibase/integration/spring/SpringLiquibase> (0x000000060a713c90) 
thrown [s\open\src\hotspot\share\oops\constantPool.cpp, line 873]
Event: 73593.496 Thread 0x000002d7f0f30a80 Exception <a 'java/io/FileNotFoundException'{0x0000000609aa6878}> (0x0000000609aa6878) 
thrown [s\open\src\hotspot\share\prims\jni.cpp, line 520]
Event: 73593.923 Thread 0x000002d7f0f30a80 Exception <a 'java/io/FileNotFoundException'{0x000000060adf4308}> (0x000000060adf4308) 
thrown [s\open\src\hotspot\share\prims\jni.cpp, line 520]
Event: 73593.950 Thread 0x000002d7f0f30a80 Exception <a 'java/lang/NoSuchMethodError'{0x000000060a9910f0}: 'void java.lang.invoke.DelegatingMethodHandle$Holder.reinvoke_L(java.lang.Object, java.lang.Object, int)'> (0x000000060a9910f0) 
thrown [s\open\src\hotspot\share\interpreter\linkResolver.cpp, line 773]
Event: 73594.285 Thread 0x000002d7f0458b00 Exception <a 'java/lang/NoSuchMethodError'{0x0000000607fdb6b0}: static [B.<clinit>()V> (0x0000000607fdb6b0) 
thrown [s\open\src\hotspot\share\prims\jni.cpp, line 1111]
Event: 73676.053 Thread 0x000002d7f0e5f090 Exception <a 'java/net/SocketException'{0x000000060b6fb378}: Connection reset by peer: shutdown> (0x000000060b6fb378) 
thrown [s\open\src\hotspot\share\prims\jni.cpp, line 539]
Event: 73676.054 Thread 0x000002d7f0e5f090 Exception <a 'java/io/IOException'{0x000000060b6fc890}> (0x000000060b6fc890) 
thrown [s\open\src\hotspot\share\prims\jni.cpp, line 520]
Event: 73676.054 Thread 0x000002d7f0e5f090 Exception <a 'java/io/IOException'{0x000000060b6fd790}> (0x000000060b6fd790) 
thrown [s\open\src\hotspot\share\prims\jni.cpp, line 520]
Event: 73676.055 Thread 0x000002d7f0e5f090 Exception <a 'java/io/IOException'{0x000000060b700930}> (0x000000060b700930) 
thrown [s\open\src\hotspot\share\prims\jni.cpp, line 520]
Event: 73676.055 Thread 0x000002d7f0e5f090 Exception <a 'java/io/IOException'{0x000000060b701550}> (0x000000060b701550) 
thrown [s\open\src\hotspot\share\prims\jni.cpp, line 520]
Event: 73676.056 Thread 0x000002d7f0e5f090 Exception <a 'java/io/IOException'{0x000000060b708d38}> (0x000000060b708d38) 
thrown [s\open\src\hotspot\share\prims\jni.cpp, line 520]
Event: 73676.056 Thread 0x000002d7f0e5f090 Exception <a 'java/io/IOException'{0x000000060b709958}> (0x000000060b709958) 
thrown [s\open\src\hotspot\share\prims\jni.cpp, line 520]
Event: 73676.059 Thread 0x000002d7f0f31110 Exception <a 'java/lang/InterruptedException'{0x000000060b7278b0}: sleep interrupted> (0x000000060b7278b0) 
thrown [s\open\src\hotspot\share\prims\jvm.cpp, line 3074]
Event: 73676.128 Thread 0x000002d7f04570c0 Exception <a 'sun/nio/fs/WindowsException'{0x000000060cc93a28}> (0x000000060cc93a28) 
thrown [s\open\src\hotspot\share\prims\jni.cpp, line 520]
Event: 73676.425 Thread 0x000002d7f04570c0 Exception <a 'java/lang/NoClassDefFoundError'{0x000000060a66c848}: org/flywaydb/core/Flyway> (0x000000060a66c848) 
thrown [s\open\src\hotspot\share\oops\constantPool.cpp, line 873]
Event: 73676.427 Thread 0x000002d7f04570c0 Exception <a 'java/lang/NoClassDefFoundError'{0x000000060a66cea8}: liquibase/integration/spring/SpringLiquibase> (0x000000060a66cea8) 
thrown [s\open\src\hotspot\share\oops\constantPool.cpp, line 873]
Event: 73676.497 Thread 0x000002d7f04570c0 Exception <a 'java/io/FileNotFoundException'{0x00000006099ff0e8}> (0x00000006099ff0e8) 
thrown [s\open\src\hotspot\share\prims\jni.cpp, line 520]
Event: 73676.888 Thread 0x000002d7f04570c0 Exception <a 'java/io/FileNotFoundException'{0x000000060a92bce8}> (0x000000060a92bce8) 
thrown [s\open\src\hotspot\share\prims\jni.cpp, line 520]

ZGC Phase Switch (0 events):
No events

VM Operations (20 events):
Event: 73717.358 Executing VM operation: get/set locals
Event: 73717.358 Executing VM operation: get/set locals done
Event: 73717.358 Executing VM operation: get/set locals
Event: 73717.358 Executing VM operation: get/set locals done
Event: 73717.359 Executing VM operation: get/set locals
Event: 73717.359 Executing VM operation: get/set locals done
Event: 73717.359 Executing VM operation: get/set locals
Event: 73717.360 Executing VM operation: get/set locals done
Event: 73717.360 Executing VM operation: get/set locals
Event: 73717.360 Executing VM operation: get/set locals done
Event: 73717.360 Executing VM operation: get/set locals
Event: 73717.360 Executing VM operation: get/set locals done
Event: 73717.360 Executing VM operation: get/set locals
Event: 73717.360 Executing VM operation: get/set locals done
Event: 73717.361 Executing VM operation: get/set locals
Event: 73717.361 Executing VM operation: get/set locals done
Event: 73717.361 Executing VM operation: get/set locals
Event: 73717.361 Executing VM operation: get/set locals done
Event: 73717.361 Executing VM operation: get/set locals
Event: 73717.361 Executing VM operation: get/set locals done

Events (20 events):
Event: 73676.116 Thread 0x000002d7f04570c0 Thread added: 0x000002d7f04570c0
Event: 73676.188 Thread 0x000002d7f0453c40 Thread added: 0x000002d7f0453c40
Event: 73676.223 Thread 0x000002d7f0453c40 Thread exited: 0x000002d7f0453c40
Event: 73676.561 Thread 0x000002d7f0453c40 Thread added: 0x000002d7f0453c40
Event: 73676.673 Thread 0x000002d7f0455d10 Thread added: 0x000002d7f0455d10
Event: 73676.776 Thread 0x000002d7e7f26b80 flushing nmethod 0x000002d7d89b7b10
Event: 73676.776 Thread 0x000002d7e7f26b80 flushing nmethod 0x000002d7d844a590
Event: 73676.776 Thread 0x000002d7e7f26b80 flushing nmethod 0x000002d7d9405a90
Event: 73676.776 Thread 0x000002d7e7f26b80 flushing nmethod 0x000002d7d9aee890
Event: 73676.776 Thread 0x000002d7e7f26b80 flushing nmethod 0x000002d7d8355310
Event: 73676.776 Thread 0x000002d7e7f26b80 flushing nmethod 0x000002d7d8598e90
Event: 73676.776 Thread 0x000002d7e7f26b80 flushing nmethod 0x000002d7d92cce10
Event: 73676.776 Thread 0x000002d7e7f26b80 flushing nmethod 0x000002d7d92cd110
Event: 73676.776 Thread 0x000002d7e7f26b80 flushing nmethod 0x000002d7d99b4a10
Event: 73676.889 Thread 0x000002d7f0459190 Thread added: 0x000002d7f0459190
Event: 73676.889 Thread 0x000002d7f045a540 Thread added: 0x000002d7f045a540
Event: 73676.889 Thread 0x000002d7f0457750 Thread added: 0x000002d7f0457750
Event: 73681.946 Thread 0x000002d7f0455d10 Thread exited: 0x000002d7f0455d10
Event: 73682.297 Thread 0x000002d7f0458b00 Thread exited: 0x000002d7f0458b00
Event: 73682.297 Thread 0x000002d7f0e63230 Thread exited: 0x000002d7f0e63230


Dynamic libraries:
0x00007ff70e5b0000 - 0x00007ff70e5c0000 	C:\Program Files\Java\jdk-21\bin\javaw.exe
0x00007ffef81a0000 - 0x00007ffef8408000 	C:\WINDOWS\SYSTEM32\ntdll.dll
0x00007ffef6120000 - 0x00007ffef61e9000 	C:\WINDOWS\System32\KERNEL32.DLL
0x00007ffef5590000 - 0x00007ffef5988000 	C:\WINDOWS\System32\KERNELBASE.dll
0x00007ffef5df0000 - 0x00007ffef5f3b000 	C:\WINDOWS\System32\ucrtbase.dll
0x00007ffeef560000 - 0x00007ffeef579000 	C:\Program Files\Java\jdk-21\bin\jli.dll
0x00007ffeeaf60000 - 0x00007ffeeaf7b000 	C:\Program Files\Java\jdk-21\bin\VCRUNTIME140.dll
0x00007ffef7b20000 - 0x00007ffef7bd4000 	C:\WINDOWS\System32\ADVAPI32.dll
0x00007ffef6e30000 - 0x00007ffef6ed9000 	C:\WINDOWS\System32\msvcrt.dll
0x00007ffef7360000 - 0x00007ffef7406000 	C:\WINDOWS\System32\sechost.dll
0x00007ffef5f40000 - 0x00007ffef6058000 	C:\WINDOWS\System32\RPCRT4.dll
0x00007ffef6210000 - 0x00007ffef63d7000 	C:\WINDOWS\System32\USER32.dll
0x00007ffef52f0000 - 0x00007ffef5317000 	C:\WINDOWS\System32\win32u.dll
0x00007ffedfba0000 - 0x00007ffedfe34000 	C:\WINDOWS\WinSxS\amd64_microsoft.windows.common-controls_6595b64144ccf1df_6.0.26100.7019_none_3e06ffa0e335b8a8\COMCTL32.dll
0x00007ffef7130000 - 0x00007ffef715b000 	C:\WINDOWS\System32\GDI32.dll
0x00007ffef53d0000 - 0x00007ffef54fc000 	C:\WINDOWS\System32\gdi32full.dll
0x00007ffef5bc0000 - 0x00007ffef5c63000 	C:\WINDOWS\System32\msvcp_win.dll
0x00007ffeeb620000 - 0x00007ffeeb62b000 	C:\WINDOWS\SYSTEM32\VERSION.dll
0x00007ffef6520000 - 0x00007ffef6551000 	C:\WINDOWS\System32\IMM32.DLL
0x00007ffeef520000 - 0x00007ffeef52c000 	C:\Program Files\Java\jdk-21\bin\vcruntime140_1.dll
0x00007ffed0290000 - 0x00007ffed031e000 	C:\Program Files\Java\jdk-21\bin\msvcp140.dll
0x00007ffe39040000 - 0x00007ffe39d5a000 	C:\Program Files\Java\jdk-21\bin\server\jvm.dll
0x00007ffef6db0000 - 0x00007ffef6e24000 	C:\WINDOWS\System32\WS2_32.dll
0x00007ffef5150000 - 0x00007ffef51ae000 	C:\WINDOWS\SYSTEM32\POWRPROF.dll
0x00007ffedfe40000 - 0x00007ffedfe75000 	C:\WINDOWS\SYSTEM32\WINMM.dll
0x00007ffef5130000 - 0x00007ffef5144000 	C:\WINDOWS\SYSTEM32\UMPDC.dll
0x00007ffef4070000 - 0x00007ffef408b000 	C:\WINDOWS\SYSTEM32\kernel.appcore.dll
0x00007ffeeaf30000 - 0x00007ffeeaf3a000 	C:\Program Files\Java\jdk-21\bin\jimage.dll
0x00007ffef2b80000 - 0x00007ffef2dc2000 	C:\WINDOWS\SYSTEM32\DBGHELP.DLL
0x00007ffef7c30000 - 0x00007ffef7fbb000 	C:\WINDOWS\System32\combase.dll
0x00007ffef6ee0000 - 0x00007ffef6fb7000 	C:\WINDOWS\System32\OLEAUT32.dll
0x00007ffedc800000 - 0x00007ffedc83c000 	C:\WINDOWS\SYSTEM32\dbgcore.DLL
0x00007ffef5320000 - 0x00007ffef53c5000 	C:\WINDOWS\System32\bcryptPrimitives.dll
0x00007ffed9c80000 - 0x00007ffed9cbc000 	C:\Program Files\Java\jdk-21\bin\jdwp.dll
0x00007ffeea790000 - 0x00007ffeea79f000 	C:\Program Files\Java\jdk-21\bin\instrument.dll
0x00007ffee6e50000 - 0x00007ffee6e6f000 	C:\Program Files\Java\jdk-21\bin\java.dll
0x00007ffef6580000 - 0x00007ffef6ccf000 	C:\WINDOWS\System32\SHELL32.dll
0x00007ffef5a50000 - 0x00007ffef5bbb000 	C:\WINDOWS\System32\wintypes.dll
0x00007ffef2ed0000 - 0x00007ffef372d000 	C:\WINDOWS\SYSTEM32\windows.storage.dll
0x00007ffef63e0000 - 0x00007ffef64d2000 	C:\WINDOWS\System32\SHCORE.dll
0x00007ffef6ce0000 - 0x00007ffef6d47000 	C:\WINDOWS\System32\shlwapi.dll
0x00007ffef5210000 - 0x00007ffef5239000 	C:\WINDOWS\SYSTEM32\profapi.dll
0x00007ffeea780000 - 0x00007ffeea78c000 	C:\Program Files\Java\jdk-21\bin\dt_socket.dll
0x00007ffef3a60000 - 0x00007ffef3a94000 	C:\WINDOWS\SYSTEM32\IPHLPAPI.DLL
0x00007ffef45d0000 - 0x00007ffef463b000 	C:\WINDOWS\system32\mswsock.dll
0x00007ffef3aa0000 - 0x00007ffef3bcc000 	C:\WINDOWS\SYSTEM32\DNSAPI.dll
0x00007ffef6510000 - 0x00007ffef651a000 	C:\WINDOWS\System32\NSI.dll
0x00007ffeec3e0000 - 0x00007ffeec3eb000 	C:\Windows\System32\rasadhlp.dll
0x00007ffeedd50000 - 0x00007ffeeddd6000 	C:\WINDOWS\System32\fwpuclnt.dll
0x00007ffee2e40000 - 0x00007ffee2e58000 	C:\Program Files\Java\jdk-21\bin\zip.dll
0x00007ffee2250000 - 0x00007ffee2260000 	C:\Program Files\Java\jdk-21\bin\net.dll
0x00007ffeec9b0000 - 0x00007ffeecad8000 	C:\WINDOWS\SYSTEM32\WINHTTP.dll
0x00007ffee21f0000 - 0x00007ffee2206000 	C:\Program Files\Java\jdk-21\bin\nio.dll
0x00007ffee18c0000 - 0x00007ffee18ca000 	C:\Program Files\Java\jdk-21\bin\management.dll
0x00007ffee18b0000 - 0x00007ffee18bb000 	C:\Program Files\Java\jdk-21\bin\management_ext.dll
0x00007ffef6570000 - 0x00007ffef6578000 	C:\WINDOWS\System32\PSAPI.DLL
0x00007ffed79d0000 - 0x00007ffed79e8000 	C:\WINDOWS\system32\napinsp.dll
0x00007ffed79b0000 - 0x00007ffed79c2000 	C:\WINDOWS\System32\winrnr.dll
0x00007ffed7980000 - 0x00007ffed79a2000 	C:\WINDOWS\system32\nlansp_c.dll
0x00007ffed7960000 - 0x00007ffed7976000 	C:\WINDOWS\system32\wshbth.dll
0x00007ffef4850000 - 0x00007ffef486b000 	C:\WINDOWS\SYSTEM32\CRYPTSP.dll
0x00007ffef3fd0000 - 0x00007ffef400a000 	C:\WINDOWS\system32\rsaenh.dll
0x00007ffef4680000 - 0x00007ffef46ab000 	C:\WINDOWS\SYSTEM32\USERENV.dll
0x00007ffef51e0000 - 0x00007ffef520a000 	C:\WINDOWS\SYSTEM32\bcrypt.dll
0x00007ffef4870000 - 0x00007ffef487c000 	C:\WINDOWS\SYSTEM32\CRYPTBASE.dll
0x00007ffee0660000 - 0x00007ffee0669000 	C:\Program Files\Java\jdk-21\bin\extnet.dll
0x00007ffedcea0000 - 0x00007ffedceb0000 	C:\Program Files\Java\jdk-21\bin\verify.dll
0x00007ffedce90000 - 0x00007ffedce9e000 	C:\Program Files\Java\jdk-21\bin\sunmscapi.dll
0x00007ffef5c70000 - 0x00007ffef5de7000 	C:\WINDOWS\System32\CRYPT32.dll
0x00007ffef4b00000 - 0x00007ffef4b30000 	C:\WINDOWS\SYSTEM32\ncrypt.dll
0x00007ffef4ab0000 - 0x00007ffef4aef000 	C:\WINDOWS\SYSTEM32\NTASN1.dll
0x00007ffe7e2d0000 - 0x00007ffe7e2d8000 	C:\WINDOWS\system32\wshunix.dll

dbghelp: loaded successfully - version: 4.0.5 - missing functions: none
symbol engine: initialized successfully - sym options: 0x614 - pdb path: .;C:\Program Files\Java\jdk-21\bin;C:\WINDOWS\SYSTEM32;C:\WINDOWS\WinSxS\amd64_microsoft.windows.common-controls_6595b64144ccf1df_6.0.26100.7019_none_3e06ffa0e335b8a8;C:\Program Files\Java\jdk-21\bin\server

VM Arguments:
jvm_args: -XX:+ShowCodeDetailsInExceptionMessages -agentlib:jdwp=transport=dt_socket,suspend=y,address=localhost:51916 -Dcom.sun.management.jmxremote -Dcom.sun.management.jmxremote.port=51912 -Dcom.sun.management.jmxremote.authenticate=false -Dcom.sun.management.jmxremote.ssl=false -Djava.rmi.server.hostname=localhost -Dspring.jmx.enabled=true -Dmanagement.endpoints.jmx.exposure.include=* -Dspring.application.admin.enabled=true -XX:TieredStopAtLevel=1 -Dspring.boot.project.name=clearBalance -javaagent:C:\Users\pablo\Desktop\sts-4.20.0\configuration\org.eclipse.osgi\262\0\.cp\lib\javaagent-shaded.jar -Dfile.encoding=UTF-8 -Dstdout.encoding=UTF-8 -Dstderr.encoding=UTF-8 
java_command: com.clear.balance.clearBalance.ClearBalanceApplication --spring.output.ansi.enabled=always
java_class_path (initial): C:\Users\pablo\Desktop\Cursos de spring\ClearBalance\clearBalance\target\classes;C:\Users\pablo\.m2\repository\org\springframework\boot\spring-boot-starter-data-jdbc\3.2.2\spring-boot-starter-data-jdbc-3.2.2.jar;C:\Users\pablo\.m2\repository\org\springframework\boot\spring-boot-starter-jdbc\3.2.2\spring-boot-starter-jdbc-3.2.2.jar;C:\Users\pablo\.m2\repository\com\zaxxer\HikariCP\5.0.1\HikariCP-5.0.1.jar;C:\Users\pablo\.m2\repository\org\springframework\spring-jdbc\6.1.3\spring-jdbc-6.1.3.jar;C:\Users\pablo\.m2\repository\org\springframework\data\spring-data-jdbc\3.2.2\spring-data-jdbc-3.2.2.jar;C:\Users\pablo\.m2\repository\org\springframework\data\spring-data-relational\3.2.2\spring-data-relational-3.2.2.jar;C:\Users\pablo\.m2\repository\com\github\jsqlparser\jsqlparser\4.6\jsqlparser-4.6.jar;C:\Users\pablo\.m2\repository\org\springframework\data\spring-data-commons\3.2.2\spring-data-commons-3.2.2.jar;C:\Users\pablo\.m2\repository\org\springframework\spring-tx\6.1.3\spring-tx-6.1.3.jar;C:\Users\pablo\.m2\repository\org\springframework\spring-context\6.1.3\spring-context-6.1.3.jar;C:\Users\pablo\.m2\repository\org\springframework\spring-beans\6.1.3\spring-beans-6.1.3.jar;C:\Users\pablo\.m2\repository\org\springframework\boot\spring-boot-starter-data-jpa\3.2.2\spring-boot-starter-data-jpa-3.2.2.jar;C:\Users\pablo\.m2\repository\org\springframework\boot\spring-boot-starter-aop\3.2.2\spring-boot-starter-aop-3.2.2.jar;C:\Users\pablo\.m2\repository\org\aspectj\aspectjweaver\1.9.21\aspectjweaver-1.9.21.jar;C:\Users\pablo\.m2\repository\org\hibernate\orm\hibernate-core\6.4.1.Final\hibernate-core-6.4.1.Final.jar;C:\Users\pablo\.m2\repository\jakarta\persistence\jakarta.persistence-api\3.1.0\jakarta.persistence-api-3.1.0.jar;C:\Users\pablo\.m2\repository\jakarta\transaction\jakarta.transaction-api\2.0.1\jakarta.transaction-api-2.0.1.jar;C:\Users\pablo\.m2\repository\org\jboss\logging\jboss-logging\3.5.3.Final\jboss-logging-3.5.3.Final.jar;C:\Users\pablo\.m2\repository\org\hibernate\common\hibernate-commons-annotations\6.0.6.Final\hibernate-commons-annotations-6.0.6.Final.jar;C:\Users\pablo\.m2\repository\io\smallrye\jandex\3.1.2\jandex-3.1.2.jar;C:\Users\pablo\.m2\repository\com\fasterxml\classmate\1.6.0\classmate-1.6.0.jar;C:\Users\pablo\.m2\repository\net\bytebuddy\byte-buddy\1.14.11\byte-buddy-1.14.11.jar;C:\Users\pablo\.m2\repository\org\glassfish\jaxb\jaxb-runtime\4.0.4\jaxb-runtime-4.0.4.jar;C:\Users\pablo\.m2\repository\org\glassfish\jaxb\jaxb-core\4.0.4\jaxb-core-4.0.4.jar;C:\Users\pablo\.m2\repository\org\glassfish\jaxb\txw2\4.0.4\txw2-4.0.4.jar;C:\Users\pablo\.m2\repository\com\sun\istack\istack-commons-runtime\4.1.2\istack-commons-runtime-4.1.2.jar;C:\Users\pablo\.m2\repository\jakarta\inject\jakarta.inject-api\2.0.1\jakarta.inject-api-2.0.1.jar;C:\Users\pablo\.m2\repository\org\antlr\antlr4-runtime\4.13.0\antlr4-runtime-4.13.0.jar;C:\Users\pablo\.m2\repository\org\springframework\data\spring-data-jpa\3.2.2\spring-data-jpa-3.2.2.jar;C:\Users\pablo\.m2\repository\org\springframework\spring-orm\6.1.3\spring-orm-6.1.3.jar;C:\Users\pablo\.m2\repository\jakarta\annotation\jakarta.annotation-api\2.1.1\jakarta.annotation-api-2.1.1.jar;C:\Users\pablo\.m2\repository\org\springframework\spring-aspects\6.1.3\spring-aspects-6.1.3.jar;C:\Users\pablo\.m2\repository\org\springframework\boot\spring-boot-starter-security\3.2.2\spring-boot-starter-security-3.2.2.jar;C:\Users\pablo\.m2\repository\org\springframework\boot\spring-boot-starter\3.2.2\spring-boot-starter-3.2.2.jar;C:\Users\pablo\.m2\repository\org\springframework\boot\spring-boot-starter-logging\3.2.2\spring-boot-starter-logging-3.2.2.jar;C:\Users\pablo\.m2\repository\ch\qos\logback\logback-classic\1.4.14\logback-classic-1.4.14.jar;C:\Users\pablo\.m2\repository\ch\qos\logback\logback-core\1.4.14\logback-core-1.4.14.jar;C:\Users\pablo\.m2\repository\org\apache\logging\log4j\log4j-to-slf4j\2.21.1\log4j-to-slf4j-2.21.1.jar;C:\Users\pablo\.m2\repository\org\slf4j\jul-to-slf4j\2.0.11\jul-to-slf4j-2.0.11.jar;C:\Users\pablo\.m2\repository\org\yaml\snakeyaml\2.2\snakeyaml-2.2.jar;C:\Users\pablo\.m2\repository\org\springframework\spring-aop\6.1.3\spring-aop-6.1.3.jar;C:\Users\pablo\.m2\repository\org\springframework\security\spring-security-config\6.2.1\spring-security-config-6.2.1.jar;C:\Users\pablo\.m2\repository\org\springframework\security\spring-security-web\6.2.1\spring-security-web-6.2.1.jar;C:\Users\pablo\.m2\repository\org\springframework\spring-expression\6.1.3\spring-expression-6.1.3.jar;C:\Users\pablo\.m2\repository\org\springframework\boot\spring-boot-starter-validation\3.2.2\spring-boot-starter-validation-3.2.2.jar;C:\Users\pablo\.m2\repository\org\apache\tomcat\embed\tomcat-embed-el\10.1.18\tomcat-embed-el-10.1.18.jar;C:\Users\pablo\.m2\repository\org\hibernate\validator\hibernate-validator\8.0.1.Final\hibernate-validator-8.0.1.Final.jar;C:\Users\pablo\.m2\repository\jakarta\validation\jakarta.validation-api\3.0.2\jakarta.validation-api-3.0.2.jar;C:\Users\pablo\.m2\repository\org\springframework\boot\spring-boot-starter-web\3.2.2\spring-boot-starter-web-3.2.2.jar;C:\Users\pablo\.m2\repository\org\springframework\boot\spring-boot-starter-json\3.2.2\spring-boot-starter-json-3.2.2.jar;C:\Users\pablo\.m2\repository\com\fasterxml\jackson\datatype\jackson-datatype-jdk8\2.15.3\jackson-datatype-jdk8-2.15.3.jar;C:\Users\pablo\.m2\repository\com\fasterxml\jackson\module\jackson-module-parameter-names\2.15.3\jackson-module-parameter-names-2.15.3.jar;C:\Users\pablo\.m2\repository\org\springframework\boot\spring-boot-starter-tomcat\3.2.2\spring-boot-starter-tomcat-3.2.2.jar;C:\Users\pablo\.m2\repository\org\apache\tomcat\embed\tomcat-embed-core\10.1.18\tomcat-embed-core-10.1.18.jar;C:\Users\pablo\.m2\repository\org\apache\tomcat\embed\tomcat-embed-websocket\10.1.18\tomcat-embed-websocket-10.1.18.jar;C:\Users\pablo\.m2\repository\org\springframework\spring-web\6.1.3\spring-web-6.1.3.jar;C:\Users\pablo\.m2\repository\io\micrometer\micrometer-observation\1.12.2\micrometer-observation-1.12.2.jar;C:\Users\pablo\.m2\repository\io\micrometer\micrometer-commons\1.12.2\micrometer-commons-1.12.2.jar;C:\Users\pablo\.m2\repository\org\springframework\spring-webmvc\6.1.3\spring-webmvc-6.1.3.jar;C:\Users\pablo\.m2\repository\com\mysql\mysql-connector-j\8.3.0\mysql-connector-j-8.3.0.jar;C:\Users\pablo\.m2\repository\org\apache\commons\commons-lang3\3.13.0\commons-lang3-3.13.0.jar;C:\Users\pablo\.m2\repository\org\projectlombok\lombok\1.18.30\lombok-1.18.30.jar;C:\Users\pablo\.m2\repository\jakarta\xml\bind\jakarta.xml.bind-api\4.0.1\jakarta.xml.bind-api-4.0.1.jar;C:\Users\pablo\.m2\repository\jakarta\activation\jakarta.activation-api\2.1.2\jakarta.activation-api-2.1.2.jar;C:\Users\pablo\.m2\repository\org\springframework\spring-core\6.1.3\spring-core-6.1.3.jar;C:\Users\pablo\.m2\repository\org\springframework\spring-jcl\6.1.3\spring-jcl-6.1.3.jar;C:\Users\pablo\.m2\repository\org\springframework\security\spring-security-core\6.2.1\spring-security-core-6.2.1.jar;C:\Users\pablo\.m2\repository\org\springframework\security\spring-security-crypto\6.2.1\spring-security-crypto-6.2.1.jar;C:\Users\pablo\.m2\repository\com\auth0\java-jwt\4.2.1\java-jwt-4.2.1.jar;C:\Users\pablo\.m2\repository\com\fasterxml\jackson\core\jackson-databind\2.15.3\jackson-databind-2.15.3.jar;C:\Users\pablo\.m2\repository\nl\basjes\parse\useragent\yauaa\7.16.0\yauaa-7.16.0.jar;C:\Users\pablo\.m2\repository\org\apache\commons\commons-text\1.10.0\commons-text-1.10.0.jar;C:\Users\pablo\.m2\repository\com\github\ben-manes\caffeine\caffeine\3.1.8\caffeine-3.1.8.jar;C:\Users\pablo\.m2\repository\org\checkerframework\checker-qual\3.37.0\checker-qual-3.37.0.jar;C:\Users\pablo\.m2\repository\com\google\errorprone\error_prone_annotations\2.21.1\error_prone_annotations-2.21.1.jar;C:\Users\pablo\.m2\repository\org\apache\commons\commons-collections4\4.4\commons-collections4-4.4.jar;C:\Users\pablo\.m2\repository\nl\basjes\collections\prefixmap\2.0\prefixmap-2.0.jar;C:\Users\pablo\.m2\repository\com\google\code\findbugs\jsr305\3.0.2\jsr305-3.0.2.jar;C:\Users\pablo\.m2\repository\org\apache\poi\poi-ooxml\5.2.3\poi-ooxml-5.2.3.jar;C:\Users\pablo\.m2\repository\org\apache\poi\poi\5.2.3\poi-5.2.3.jar;C:\Users\pablo\.m2\repository\org\apache\commons\commons-math3\3.6.1\commons-math3-3.6.1.jar;C:\Users\pablo\.m2\repository\com\zaxxer\SparseBitSet\1.2\SparseBitSet-1.2.jar;C:\Users\pablo\.m2\repository\org\apache\poi\poi-ooxml-lite\5.2.3\poi-ooxml-lite-5.2.3.jar;C:\Users\pablo\.m2\repository\org\apache\xmlbeans\xmlbeans\5.1.1\xmlbeans-5.1.1.jar;C:\Users\pablo\.m2\repository\org\apache\commons\commons-compress\1.21\commons-compress-1.21.jar;C:\Users\pablo\.m2\repository\commons-io\commons-io\2.11.0\commons-io-2.11.0.jar;C:\Users\pablo\.m2\repository\com\github\virtuald\curvesapi\1.07\curvesapi-1.07.jar;C:\Users\pablo\.m2\repository\org\apache\logging\log4j\log4j-api\2.21.1\log4j-api-2.21.1.jar;C:\Users\pablo\.m2\repository\org\springframework\boot\spring-boot-starter-mail\3.2.2\spring-boot-starter-mail-3.2.2.jar;C:\Users\pablo\.m2\repository\org\springframework\spring-context-support\6.1.3\spring-context-support-6.1.3.jar;C:\Users\pablo\.m2\repository\org\eclipse\angus\jakarta.mail\2.0.2\jakarta.mail-2.0.2.jar;C:\Users\pablo\.m2\repository\org\eclipse\angus\angus-activation\2.0.1\angus-activation-2.0.1.jar;C:\Users\pablo\.m2\repository\org\springframework\boot\spring-boot-devtools\3.2.2\spring-boot-devtools-3.2.2.jar;C:\Users\pablo\.m2\repository\org\springframework\boot\spring-boot\3.2.2\spring-boot-3.2.2.jar;C:\Users\pablo\.m2\repository\org\springframework\boot\spring-boot-autoconfigure\3.2.2\spring-boot-autoconfigure-3.2.2.jar;C:\Users\pablo\.m2\repository\com\twilio\sdk\twilio\9.2.5\twilio-9.2.5.jar;C:\Users\pablo\.m2\repository\commons-codec\commons-codec\1.16.0\commons-codec-1.16.0.jar;C:\Users\pablo\.m2\repository\io\jsonwebtoken\jjwt-api\0.11.2\jjwt-api-0.11.2.jar;C:\Users\pablo\.m2\repository\io\jsonwebtoken\jjwt-jackson\0.11.2\jjwt-jackson-0.11.2.jar;C:\Users\pablo\.m2\repository\io\jsonwebtoken\jjwt-impl\0.11.2\jjwt-impl-0.11.2.jar;C:\Users\pablo\.m2\repository\org\apache\httpcomponents\httpclient\4.5.13\httpclient-4.5.13.jar;C:\Users\pablo\.m2\repository\commons-logging\commons-logging\1.2\commons-logging-1.2.jar;C:\Users\pablo\.m2\repository\org\apache\httpcomponents\httpcore\4.4.16\httpcore-4.4.16.jar;C:\Users\pablo\.m2\repository\com\fasterxml\jackson\core\jackson-core\2.15.3\jackson-core-2.15.3.jar;C:\Users\pablo\.m2\repository\com\fasterxml\jackson\core\jackson-annotations\2.15.3\jackson-annotations-2.15.3.jar;C:\Users\pablo\.m2\repository\com\fasterxml\jackson\datatype\jackson-datatype-jsr310\2.15.3\jackson-datatype-jsr310-2.15.3.jar;C:\Users\pablo\.m2\repository\com\fasterxml\jackson\dataformat\jackson-dataformat-xml\2.15.3\jackson-dataformat-xml-2.15.3.jar;C:\Users\pablo\.m2\repository\org\codehaus\woodstox\stax2-api\4.2.1\stax2-api-4.2.1.jar;C:\Users\pablo\.m2\repository\com\fasterxml\woodstox\woodstox-core\6.5.1\woodstox-core-6.5.1.jar;C:\Users\pablo\.m2\repository\org\slf4j\slf4j-api\2.0.11\slf4j-api-2.0.11.jar;C:\Users\pablo\.m2\repository\org\json\json\20220320\json-20220320.jar;C:\Users\pablo\.m2\repository\org\springdoc\springdoc-openapi-starter-webmvc-ui\2.5.0\springdoc-openapi-starter-webmvc-ui-2.5.0.jar;C:\Users\pablo\.m2\repository\org\springdoc\springdoc-openapi-starter-webmvc-api\2.5.0\springdoc-openapi-starter-webmvc-api-2.5.0.jar;C:\Users\pablo\.m2\repository\org\springdoc\springdoc-openapi-starter-common\2.5.0\springdoc-openapi-starter-common-2.5.0.jar;C:\Users\pablo\.m2\repository\io\swagger\core\v3\swagger-core-jakarta\2.2.21\swagger-core-jakarta-2.2.21.jar;C:\Users\pablo\.m2\repository\io\swagger\core\v3\swagger-annotations-jakarta\2.2.21\swagger-annotations-jakarta-2.2.21.jar;C:\Users\pablo\.m2\repository\io\swagger\core\v3\swagger-models-jakarta\2.2.21\swagger-models-jakarta-2.2.21.jar;C:\Users\pablo\.m2\repository\com\fasterxml\jackson\dataformat\jackson-dataformat-yaml\2.15.3\jackson-dataformat-yaml-2.15.3.jar;C:\Users\pablo\.m2\repository\org\webjars\swagger-ui\5.13.0\swagger-ui-5.13.0.jar
Launcher Type: SUN_STANDARD

[Global flags]
     intx CICompilerCount                          = 4                                         {product} {ergonomic}
     uint ConcGCThreads                            = 2                                         {product} {ergonomic}
     uint G1ConcRefinementThreads                  = 8                                         {product} {ergonomic}
   size_t G1HeapRegionSize                         = 4194304                                   {product} {ergonomic}
    uintx GCDrainStackTargetSize                   = 64                                        {product} {ergonomic}
   size_t InitialHeapSize                          = 536870912                                 {product} {ergonomic}
     bool ManagementServer                         = true                                      {product} {command line}
   size_t MarkStackSize                            = 4194304                                   {product} {ergonomic}
   size_t MaxHeapSize                              = 8539602944                                {product} {ergonomic}
   size_t MaxNewSize                               = 5121245184                                {product} {ergonomic}
   size_t MinHeapDeltaBytes                        = 4194304                                   {product} {ergonomic}
   size_t MinHeapSize                              = 8388608                                   {product} {ergonomic}
    uintx NonNMethodCodeHeapSize                   = 4096                                   {pd product} {ergonomic}
    uintx NonProfiledCodeHeapSize                  = 0                                      {pd product} {ergonomic}
     bool ProfileInterpreter                       = false                                  {pd product} {command line}
    uintx ProfiledCodeHeapSize                     = 0                                      {pd product} {ergonomic}
     bool ShowCodeDetailsInExceptionMessages       = true                                   {manageable} {command line}
   size_t SoftMaxHeapSize                          = 8539602944                             {manageable} {ergonomic}
     intx TieredStopAtLevel                        = 1                                         {product} {command line}
     bool UseCompressedOops                        = true                           {product lp64_product} {ergonomic}
     bool UseG1GC                                  = true                                      {product} {ergonomic}
     bool UseLargePagesIndividualAllocation        = false                                  {pd product} {ergonomic}

Logging:
Log output configuration:
 #0: stdout all=warning uptime,level,tags foldmultilines=false
 #1: stderr all=off uptime,level,tags foldmultilines=false

Environment Variables:
JAVA_HOME=C:\Program Files\Java\jdk-25
PATH=C:/Users/pablo/Desktop/sts-4.20.0//plugins/org.eclipse.justj.openjdk.hotspot.jre.full.win32.x86_64_17.0.8.v20230831-1047/jre/bin/server;C:/Users/pablo/Desktop/sts-4.20.0//plugins/org.eclipse.justj.openjdk.hotspot.jre.full.win32.x86_64_17.0.8.v20230831-1047/jre/bin;C:\Program Files\Common Files\Oracle\Java\javapath;C:\WINDOWS\system32;C:\WINDOWS;C:\WINDOWS\System32\Wbem;C:\WINDOWS\System32\WindowsPowerShell\v1.0\;C:\WINDOWS\System32\OpenSSH\;C:\Users\pablo\AppData\Local\Programs\Python\Python311;C:\Program Files\NVIDIA Corporation\NVIDIA NvDLISR;C:\Program Files (x86)\NVIDIA Corporation\PhysX\Common;C:\Program Files\MongoDB\Server\7.0\bin;C:\ProgramData\chocolatey\bin;C:\Users\pablo\AppData\Roaming\nvm;C:\Program Files\nodejs;"C:\WINDOWS\system32;C:\Program Files\Java\jdk-25\bin";C:\Program Files\Docker\Docker\resources\bin;C:\Program Files\Java\apache-maven-3.9.5\bin;C:\Program Files\AutoFirma\AutoFirma;C:\WINDOWS\system32;C:\WINDOWS;C:\WINDOWS\System32\Wbem;C:\WINDOWS\System32\WindowsPowerShell\v1.0\;C:\WINDOWS\System32\OpenSSH\;C:\Program Files\Git\cmd;C:\Tools\kubectl;C:\Program Files\PuTTY\;C:\Program Files\Java\jdk-25\bin;C:\Program Files\MySQL\MySQL Shell 8.0\bin\;C:\Users\pablo\AppData\Local\Microsoft\WindowsApps;C:\Users\pablo\AppData\Local\Programs\Microsoft VS Code\bin;C:\Program Files\heroku\bin;C:\Users\pablo\AppData\Roaming\npm;C:\Users\pablo\AppData\Roaming\nvm;C:\Program Files\nodejs;C:\Program Files\MongoDB\Server\7.0\bin;;C:\Users\pablo\AppData\Local\Microsoft\WindowsApps;C:\Users\pablo\Desktop\sts-4.20.0;
USERNAME=pablo
OS=Windows_NT
PROCESSOR_IDENTIFIER=Intel64 Family 6 Model 140 Stepping 1, GenuineIntel
TMP=C:\Users\pablo\AppData\Local\Temp
TEMP=C:\Users\pablo\AppData\Local\Temp




Periodic native trim disabled

---------------  S Y S T E M  ---------------

OS:
 Windows 11 , 64 bit Build 26100 (10.0.26100.7019)
OS uptime: 16 days 14:07 hours
Hyper-V role detected

CPU: total 8 (initial active 8) (4 cores per cpu, 2 threads per core) family 6 model 140 stepping 1 microcode 0x6e, cx8, cmov, fxsr, ht, mmx, 3dnowpref, sse, sse2, sse3, ssse3, sse4.1, sse4.2, popcnt, lzcnt, tsc, tscinvbit, avx, avx2, aes, erms, clmul, bmi1, bmi2, adx, avx512f, avx512dq, avx512cd, avx512bw, avx512vl, sha, fma, vzeroupper, avx512_vpopcntdq, avx512_vpclmulqdq, avx512_vaes, avx512_vnni, clflush, clflushopt, clwb, avx512_vbmi2, avx512_vbmi, hv, rdtscp, rdpid, fsrm, gfni, avx512_bitalg, f16c, cet_ibt, cet_ss, avx512_ifma
Processor Information for processor 0
  Max Mhz: 3302, Current Mhz: 3302, Mhz Limit: 3302
Processor Information for processor 1
  Max Mhz: 3302, Current Mhz: 3302, Mhz Limit: 3302
Processor Information for processor 2
  Max Mhz: 3302, Current Mhz: 3302, Mhz Limit: 3302
Processor Information for processor 3
  Max Mhz: 3302, Current Mhz: 3302, Mhz Limit: 3302
Processor Information for processor 4
  Max Mhz: 3302, Current Mhz: 1200, Mhz Limit: 3302
Processor Information for processor 5
  Max Mhz: 3302, Current Mhz: 3302, Mhz Limit: 3302
Processor Information for processor 6
  Max Mhz: 3302, Current Mhz: 3302, Mhz Limit: 3302
Processor Information for processor 7
  Max Mhz: 3302, Current Mhz: 3302, Mhz Limit: 3302

Memory: 4k page, system-wide physical 32563M (15660M free)
TotalPageFile size 34611M (AvailPageFile size 8916M)
current process WorkingSet (physical memory assigned to process): 391M, peak: 416M
current process commit charge ("private bytes"): 448M, peak: 647M

vm_info: Java HotSpot(TM) 64-Bit Server VM (21.0.7+8-LTS-245) for windows-amd64 JRE (21.0.7+8-LTS-245), built on 2025-02-21T05:11:27Z by "mach5one" with MS VC++ 17.6 (VS2022)

END.
